
*** Running vivado
    with args -log mixer_wrapper.vdi -applog -m64 -product Vivado -messageDb vivado.pb -mode batch -source mixer_wrapper.tcl -notrace



****** Vivado v2022.2 (64-bit)
  **** SW Build 3671981 on Fri Oct 14 05:00:03 MDT 2022
  **** IP Build 3669848 on Fri Oct 14 08:30:02 MDT 2022
    ** Copyright 1986-2022 Xilinx, Inc. All Rights Reserved.

source mixer_wrapper.tcl -notrace
Command: link_design -top mixer_wrapper -part xck26-sfvc784-2LV-c
Design is defaulting to srcset: sources_1
Design is defaulting to constrset: constrs_1
INFO: [Device 21-403] Loading part xck26-sfvc784-2LV-c
INFO: [Project 1-454] Reading design checkpoint 'd:/FPGA/Vivaldo Project/Digital_Font_End_LTE/Uplink/Mixer/fpga/mixer/mixer_down.gen/sources_1/bd/mixer/ip/mixer_axi_bram_ctrl_0_0/mixer_axi_bram_ctrl_0_0.dcp' for cell 'mixer_i/axi_bram_ctrl_0'
INFO: [Project 1-454] Reading design checkpoint 'd:/FPGA/Vivaldo Project/Digital_Font_End_LTE/Uplink/Mixer/fpga/mixer/mixer_down.gen/sources_1/bd/mixer/ip/mixer_axi_dma_0_0/mixer_axi_dma_0_0.dcp' for cell 'mixer_i/axi_dma_0'
INFO: [Project 1-454] Reading design checkpoint 'd:/FPGA/Vivaldo Project/Digital_Font_End_LTE/Uplink/Mixer/fpga/mixer/mixer_down.gen/sources_1/bd/mixer/ip/mixer_axis_decimate2_0_0/mixer_axis_decimate2_0_0.dcp' for cell 'mixer_i/axis_decimate2_0'
INFO: [Project 1-454] Reading design checkpoint 'd:/FPGA/Vivaldo Project/Digital_Font_End_LTE/Uplink/Mixer/fpga/mixer/mixer_down.gen/sources_1/bd/mixer/ip/mixer_axis_decimate2_1_0/mixer_axis_decimate2_1_0.dcp' for cell 'mixer_i/axis_decimate2_1'
INFO: [Project 1-454] Reading design checkpoint 'd:/FPGA/Vivaldo Project/Digital_Font_End_LTE/Uplink/Mixer/fpga/mixer/mixer_down.gen/sources_1/bd/mixer/ip/mixer_axis_halfband_fir_0_0/mixer_axis_halfband_fir_0_0.dcp' for cell 'mixer_i/axis_halfband_fir_0'
INFO: [Project 1-454] Reading design checkpoint 'd:/FPGA/Vivaldo Project/Digital_Font_End_LTE/Uplink/Mixer/fpga/mixer/mixer_down.gen/sources_1/bd/mixer/ip/mixer_axis_halfband_fir_1_0/mixer_axis_halfband_fir_1_0.dcp' for cell 'mixer_i/axis_halfband_fir_1'
INFO: [Project 1-454] Reading design checkpoint 'd:/FPGA/Vivaldo Project/Digital_Font_End_LTE/Uplink/Mixer/fpga/mixer/mixer_down.gen/sources_1/bd/mixer/ip/mixer_axis_mixer_down_0_0/mixer_axis_mixer_down_0_0.dcp' for cell 'mixer_i/axis_mixer_down_0'
INFO: [Project 1-454] Reading design checkpoint 'd:/FPGA/Vivaldo Project/Digital_Font_End_LTE/Uplink/Mixer/fpga/mixer/mixer_down.gen/sources_1/bd/mixer/ip/mixer_blk_mem_gen_0_0/mixer_blk_mem_gen_0_0.dcp' for cell 'mixer_i/blk_mem_gen_0'
INFO: [Project 1-454] Reading design checkpoint 'd:/FPGA/Vivaldo Project/Digital_Font_End_LTE/Uplink/Mixer/fpga/mixer/mixer_down.gen/sources_1/bd/mixer/ip/mixer_proc_sys_reset_0_0/mixer_proc_sys_reset_0_0.dcp' for cell 'mixer_i/proc_sys_reset_0'
INFO: [Project 1-454] Reading design checkpoint 'd:/FPGA/Vivaldo Project/Digital_Font_End_LTE/Uplink/Mixer/fpga/mixer/mixer_down.gen/sources_1/bd/mixer/ip/mixer_smartconnect_0_0/mixer_smartconnect_0_0.dcp' for cell 'mixer_i/smartconnect_0'
INFO: [Project 1-454] Reading design checkpoint 'd:/FPGA/Vivaldo Project/Digital_Font_End_LTE/Uplink/Mixer/fpga/mixer/mixer_down.gen/sources_1/bd/mixer/ip/mixer_system_ila_0_0/mixer_system_ila_0_0.dcp' for cell 'mixer_i/system_ila_0'
INFO: [Project 1-454] Reading design checkpoint 'd:/FPGA/Vivaldo Project/Digital_Font_End_LTE/Uplink/Mixer/fpga/mixer/mixer_down.gen/sources_1/bd/mixer/ip/mixer_system_ila_0_1/mixer_system_ila_0_1.dcp' for cell 'mixer_i/system_ila_1'
INFO: [Project 1-454] Reading design checkpoint 'd:/FPGA/Vivaldo Project/Digital_Font_End_LTE/Uplink/Mixer/fpga/mixer/mixer_down.gen/sources_1/bd/mixer/ip/mixer_zynq_ultra_ps_e_0_0/mixer_zynq_ultra_ps_e_0_0.dcp' for cell 'mixer_i/zynq_ultra_ps_e_0'
Netlist sorting complete. Time (s): cpu = 00:00:00 ; elapsed = 00:00:00.711 . Memory (MB): peak = 1623.145 ; gain = 0.000
INFO: [Netlist 29-17] Analyzing 396 Unisim elements for replacement
INFO: [Netlist 29-28] Unisim Transformation completed in 1 CPU seconds
INFO: [Project 1-479] Netlist was created with Vivado 2022.2
INFO: [Project 1-570] Preparing netlist for logic optimization
INFO: [Chipscope 16-324] Core: mixer_i/system_ila_0/inst/ila_lib UUID: 792703b5-f3b6-5846-857e-5213f232cc47 
INFO: [Chipscope 16-324] Core: mixer_i/system_ila_1/inst/ila_lib UUID: f380e8bd-f7da-5e6c-8df9-4078377e9923 
Parsing XDC File [d:/FPGA/Vivaldo Project/Digital_Font_End_LTE/Uplink/Mixer/fpga/mixer/mixer_down.gen/sources_1/bd/mixer/ip/mixer_axi_dma_0_0/mixer_axi_dma_0_0.xdc] for cell 'mixer_i/axi_dma_0/U0'
WARNING: [Vivado_Tcl 4-921] Waiver ID 'CDC-1' -to list should not be empty. [d:/FPGA/Vivaldo Project/Digital_Font_End_LTE/Uplink/Mixer/fpga/mixer/mixer_down.gen/sources_1/bd/mixer/ip/mixer_axi_dma_0_0/mixer_axi_dma_0_0.xdc:52]
WARNING: [Vivado_Tcl 4-921] Waiver ID 'CDC-1' -to list should not be empty. [d:/FPGA/Vivaldo Project/Digital_Font_End_LTE/Uplink/Mixer/fpga/mixer/mixer_down.gen/sources_1/bd/mixer/ip/mixer_axi_dma_0_0/mixer_axi_dma_0_0.xdc:56]
WARNING: [Vivado_Tcl 4-919] Waiver ID 'CDC-1' -from list should not be empty. [d:/FPGA/Vivaldo Project/Digital_Font_End_LTE/Uplink/Mixer/fpga/mixer/mixer_down.gen/sources_1/bd/mixer/ip/mixer_axi_dma_0_0/mixer_axi_dma_0_0.xdc:61]
Finished Parsing XDC File [d:/FPGA/Vivaldo Project/Digital_Font_End_LTE/Uplink/Mixer/fpga/mixer/mixer_down.gen/sources_1/bd/mixer/ip/mixer_axi_dma_0_0/mixer_axi_dma_0_0.xdc] for cell 'mixer_i/axi_dma_0/U0'
Parsing XDC File [d:/FPGA/Vivaldo Project/Digital_Font_End_LTE/Uplink/Mixer/fpga/mixer/mixer_down.gen/sources_1/bd/mixer/ip/mixer_proc_sys_reset_0_0/mixer_proc_sys_reset_0_0_board.xdc] for cell 'mixer_i/proc_sys_reset_0/U0'
Finished Parsing XDC File [d:/FPGA/Vivaldo Project/Digital_Font_End_LTE/Uplink/Mixer/fpga/mixer/mixer_down.gen/sources_1/bd/mixer/ip/mixer_proc_sys_reset_0_0/mixer_proc_sys_reset_0_0_board.xdc] for cell 'mixer_i/proc_sys_reset_0/U0'
Parsing XDC File [d:/FPGA/Vivaldo Project/Digital_Font_End_LTE/Uplink/Mixer/fpga/mixer/mixer_down.gen/sources_1/bd/mixer/ip/mixer_proc_sys_reset_0_0/mixer_proc_sys_reset_0_0.xdc] for cell 'mixer_i/proc_sys_reset_0/U0'
Finished Parsing XDC File [d:/FPGA/Vivaldo Project/Digital_Font_End_LTE/Uplink/Mixer/fpga/mixer/mixer_down.gen/sources_1/bd/mixer/ip/mixer_proc_sys_reset_0_0/mixer_proc_sys_reset_0_0.xdc] for cell 'mixer_i/proc_sys_reset_0/U0'
Parsing XDC File [d:/FPGA/Vivaldo Project/Digital_Font_End_LTE/Uplink/Mixer/fpga/mixer/mixer_down.gen/sources_1/bd/mixer/ip/mixer_smartconnect_0_0/bd_0/ip/ip_1/bd_8866_psr_aclk_0_board.xdc] for cell 'mixer_i/smartconnect_0/inst/clk_map/psr_aclk/U0'
Finished Parsing XDC File [d:/FPGA/Vivaldo Project/Digital_Font_End_LTE/Uplink/Mixer/fpga/mixer/mixer_down.gen/sources_1/bd/mixer/ip/mixer_smartconnect_0_0/bd_0/ip/ip_1/bd_8866_psr_aclk_0_board.xdc] for cell 'mixer_i/smartconnect_0/inst/clk_map/psr_aclk/U0'
Parsing XDC File [d:/FPGA/Vivaldo Project/Digital_Font_End_LTE/Uplink/Mixer/fpga/mixer/mixer_down.gen/sources_1/bd/mixer/ip/mixer_smartconnect_0_0/bd_0/ip/ip_1/bd_8866_psr_aclk_0.xdc] for cell 'mixer_i/smartconnect_0/inst/clk_map/psr_aclk/U0'
Finished Parsing XDC File [d:/FPGA/Vivaldo Project/Digital_Font_End_LTE/Uplink/Mixer/fpga/mixer/mixer_down.gen/sources_1/bd/mixer/ip/mixer_smartconnect_0_0/bd_0/ip/ip_1/bd_8866_psr_aclk_0.xdc] for cell 'mixer_i/smartconnect_0/inst/clk_map/psr_aclk/U0'
Parsing XDC File [d:/FPGA/Vivaldo Project/Digital_Font_End_LTE/Uplink/Mixer/fpga/mixer/mixer_down.gen/sources_1/bd/mixer/ip/mixer_zynq_ultra_ps_e_0_0/mixer_zynq_ultra_ps_e_0_0.xdc] for cell 'mixer_i/zynq_ultra_ps_e_0/inst'
Finished Parsing XDC File [d:/FPGA/Vivaldo Project/Digital_Font_End_LTE/Uplink/Mixer/fpga/mixer/mixer_down.gen/sources_1/bd/mixer/ip/mixer_zynq_ultra_ps_e_0_0/mixer_zynq_ultra_ps_e_0_0.xdc] for cell 'mixer_i/zynq_ultra_ps_e_0/inst'
Parsing XDC File [d:/FPGA/Vivaldo Project/Digital_Font_End_LTE/Uplink/Mixer/fpga/mixer/mixer_down.gen/sources_1/bd/mixer/ip/mixer_system_ila_0_0/bd_0/ip/ip_0/ila_v6_2/constraints/ila_impl.xdc] for cell 'mixer_i/system_ila_0/inst/ila_lib/inst'
Finished Parsing XDC File [d:/FPGA/Vivaldo Project/Digital_Font_End_LTE/Uplink/Mixer/fpga/mixer/mixer_down.gen/sources_1/bd/mixer/ip/mixer_system_ila_0_0/bd_0/ip/ip_0/ila_v6_2/constraints/ila_impl.xdc] for cell 'mixer_i/system_ila_0/inst/ila_lib/inst'
Parsing XDC File [d:/FPGA/Vivaldo Project/Digital_Font_End_LTE/Uplink/Mixer/fpga/mixer/mixer_down.gen/sources_1/bd/mixer/ip/mixer_system_ila_0_0/bd_0/ip/ip_0/ila_v6_2/constraints/ila.xdc] for cell 'mixer_i/system_ila_0/inst/ila_lib/inst'
Finished Parsing XDC File [d:/FPGA/Vivaldo Project/Digital_Font_End_LTE/Uplink/Mixer/fpga/mixer/mixer_down.gen/sources_1/bd/mixer/ip/mixer_system_ila_0_0/bd_0/ip/ip_0/ila_v6_2/constraints/ila.xdc] for cell 'mixer_i/system_ila_0/inst/ila_lib/inst'
Parsing XDC File [d:/FPGA/Vivaldo Project/Digital_Font_End_LTE/Uplink/Mixer/fpga/mixer/mixer_down.gen/sources_1/bd/mixer/ip/mixer_system_ila_0_0/bd_0/ip/ip_2/bd_b717_slot_0_apcs_0.xdc] for cell 'mixer_i/system_ila_0/inst/slot_0_apcs/inst'
Finished Parsing XDC File [d:/FPGA/Vivaldo Project/Digital_Font_End_LTE/Uplink/Mixer/fpga/mixer/mixer_down.gen/sources_1/bd/mixer/ip/mixer_system_ila_0_0/bd_0/ip/ip_2/bd_b717_slot_0_apcs_0.xdc] for cell 'mixer_i/system_ila_0/inst/slot_0_apcs/inst'
Parsing XDC File [d:/FPGA/Vivaldo Project/Digital_Font_End_LTE/Uplink/Mixer/fpga/mixer/mixer_down.gen/sources_1/bd/mixer/ip/mixer_system_ila_0_1/bd_0/ip/ip_0/ila_v6_2/constraints/ila_impl.xdc] for cell 'mixer_i/system_ila_1/inst/ila_lib/inst'
Finished Parsing XDC File [d:/FPGA/Vivaldo Project/Digital_Font_End_LTE/Uplink/Mixer/fpga/mixer/mixer_down.gen/sources_1/bd/mixer/ip/mixer_system_ila_0_1/bd_0/ip/ip_0/ila_v6_2/constraints/ila_impl.xdc] for cell 'mixer_i/system_ila_1/inst/ila_lib/inst'
Parsing XDC File [d:/FPGA/Vivaldo Project/Digital_Font_End_LTE/Uplink/Mixer/fpga/mixer/mixer_down.gen/sources_1/bd/mixer/ip/mixer_system_ila_0_1/bd_0/ip/ip_0/ila_v6_2/constraints/ila.xdc] for cell 'mixer_i/system_ila_1/inst/ila_lib/inst'
Finished Parsing XDC File [d:/FPGA/Vivaldo Project/Digital_Font_End_LTE/Uplink/Mixer/fpga/mixer/mixer_down.gen/sources_1/bd/mixer/ip/mixer_system_ila_0_1/bd_0/ip/ip_0/ila_v6_2/constraints/ila.xdc] for cell 'mixer_i/system_ila_1/inst/ila_lib/inst'
Parsing XDC File [d:/FPGA/Vivaldo Project/Digital_Font_End_LTE/Uplink/Mixer/fpga/mixer/mixer_down.gen/sources_1/bd/mixer/ip/mixer_system_ila_0_1/bd_0/ip/ip_2/bd_77d6_slot_0_apcs_0.xdc] for cell 'mixer_i/system_ila_1/inst/slot_0_apcs/inst'
Finished Parsing XDC File [d:/FPGA/Vivaldo Project/Digital_Font_End_LTE/Uplink/Mixer/fpga/mixer/mixer_down.gen/sources_1/bd/mixer/ip/mixer_system_ila_0_1/bd_0/ip/ip_2/bd_77d6_slot_0_apcs_0.xdc] for cell 'mixer_i/system_ila_1/inst/slot_0_apcs/inst'
Parsing XDC File [d:/FPGA/Vivaldo Project/Digital_Font_End_LTE/Uplink/Mixer/fpga/mixer/mixer_down.gen/sources_1/bd/mixer/ip/mixer_axi_dma_0_0/mixer_axi_dma_0_0_clocks.xdc] for cell 'mixer_i/axi_dma_0/U0'
Finished Parsing XDC File [d:/FPGA/Vivaldo Project/Digital_Font_End_LTE/Uplink/Mixer/fpga/mixer/mixer_down.gen/sources_1/bd/mixer/ip/mixer_axi_dma_0_0/mixer_axi_dma_0_0_clocks.xdc] for cell 'mixer_i/axi_dma_0/U0'
INFO: [Project 1-1714] 87 XPM XDC files have been applied to the design.
INFO: [Opt 31-138] Pushed 0 inverter(s) to 0 load pin(s).
Netlist sorting complete. Time (s): cpu = 00:00:00 ; elapsed = 00:00:00.022 . Memory (MB): peak = 1866.508 ; gain = 0.000
INFO: [Project 1-111] Unisim Transformation Summary:
  A total of 287 instances were transformed.
  CFGLUT5 => CFGLUT5 (SRL16E, SRLC32E): 128 instances
  DSP48E2 => DSP48E2 (DSP_ALU, DSP_A_B_DATA, DSP_C_DATA, DSP_MULTIPLIER, DSP_M_DATA, DSP_OUTPUT, DSP_PREADD, DSP_PREADD_DATA): 3 instances
  RAM16X1D => RAM32X1D (RAMD32(x2)): 3 instances
  RAM32M16 => RAM32M16 (RAMD32(x14), RAMS32(x2)): 153 instances

23 Infos, 3 Warnings, 0 Critical Warnings and 0 Errors encountered.
link_design completed successfully
INFO: [Common 17-600] The following parameters have non-default value.
tcl.statsThreshold
Command: opt_design
Attempting to get a license for feature 'Implementation' and/or device 'xck26'
INFO: [Common 17-349] Got license for feature 'Implementation' and/or device 'xck26'
Running DRC as a precondition to command opt_design

Starting DRC Task
INFO: [DRC 23-27] Running DRC with 2 threads
INFO: [Project 1-461] DRC finished with 0 Errors
INFO: [Project 1-462] Please refer to the DRC report (report_drc) for more information.

Time (s): cpu = 00:00:02 ; elapsed = 00:00:01 . Memory (MB): peak = 1894.574 ; gain = 28.066

Starting Cache Timing Information Task
INFO: [Timing 38-35] Done setting XDC timing constraints.
Ending Cache Timing Information Task | Checksum: eb19cf99

Time (s): cpu = 00:00:04 ; elapsed = 00:00:04 . Memory (MB): peak = 2217.703 ; gain = 323.129

Starting Logic Optimization Task

Phase 1 Generate And Synthesize Debug Cores
INFO: [Chipscope 16-329] Generating Script for core instance : dbg_hub 
INFO: [IP_Flow 19-3806] Processing IP xilinx.com:ip:xsdbm:3.0 for cell dbg_hub_CV.
Netlist sorting complete. Time (s): cpu = 00:00:00 ; elapsed = 00:00:00.047 . Memory (MB): peak = 2590.938 ; gain = 0.000
Phase 1 Generate And Synthesize Debug Cores | Checksum: dbca2c75

Time (s): cpu = 00:00:05 ; elapsed = 00:01:38 . Memory (MB): peak = 2590.938 ; gain = 19.453

Phase 2 Retarget
INFO: [Opt 31-1287] Pulled Inverter mixer_i/axi_dma_0/U0/I_PRMRY_DATAMOVER/GEN_S2MM_FULL.I_S2MM_FULL_WRAPPER/GEN_INCLUDE_IBTTCC.I_S2MM_MSTR_IBTTCC/sig_realign_cmd_cmplt_reg_i_1 into driver instance mixer_i/axi_dma_0/U0/I_PRMRY_DATAMOVER/GEN_S2MM_FULL.I_S2MM_FULL_WRAPPER/GEN_INCLUDE_IBTTCC.I_S2MM_MSTR_IBTTCC/sig_realigner_btt2[17]_i_2, which resulted in an inversion of 19 pins
INFO: [Opt 31-1287] Pulled Inverter mixer_i/smartconnect_0/inst/m01_exit_pipeline/m01_exit/inst/splitter_inst/gen_axi4lite.axilite_conv/s_axi_rlast_INST_0 into driver instance mixer_i/smartconnect_0/inst/m01_exit_pipeline/m01_exit/inst/splitter_inst/gen_axi4lite.axilite_conv/s_axi_rlast_INST_0_i_1, which resulted in an inversion of 9 pins
INFO: [Opt 31-1287] Pulled Inverter mixer_i/smartconnect_0/inst/s00_entry_pipeline/s00_si_converter/inst/converter.wrap_narrow_inst/w_payld_fifo/cmd_fifo/cmd_len_qq[7]_i_1__3 into driver instance mixer_i/smartconnect_0/inst/s00_entry_pipeline/s00_si_converter/inst/converter.wrap_narrow_inst/w_payld_fifo/cmd_fifo/gen_pipelined.state[2]_i_3__1, which resulted in an inversion of 6 pins
INFO: [Opt 31-1287] Pulled Inverter mixer_i/system_ila_0/inst/ila_lib/inst/ila_core_inst/xsdb_memory_read_inst/current_state[0]_i_1 into driver instance mixer_i/system_ila_0/inst/ila_lib/inst/ila_core_inst/xsdb_memory_read_inst/read_addr[9]_i_3, which resulted in an inversion of 12 pins
INFO: [Opt 31-1287] Pulled Inverter mixer_i/system_ila_1/inst/ila_lib/inst/ila_core_inst/xsdb_memory_read_inst/current_state[0]_i_1 into driver instance mixer_i/system_ila_1/inst/ila_lib/inst/ila_core_inst/xsdb_memory_read_inst/read_addr[9]_i_3, which resulted in an inversion of 12 pins
INFO: [Opt 31-138] Pushed 89 inverter(s) to 1642 load pin(s).
INFO: [Opt 31-422] The CLOCK_DOMAINS attribute on the BRAM cell mixer_i/system_ila_0/inst/ila_lib/inst/ila_core_inst/ila_trace_memory_inst/SUBCORE_RAM_BLK_MEM_1.trace_block_memory/inst_blk_mem_gen/gnbram.gnativebmg.native_blk_mem_gen/valid.cstr/ramloop[0].ram.r/prim_noinit.ram/DEVICE_8SERIES.NO_BMM_INFO.SDP.SIMPLE_PRIM18.ram has been changed from INDEPENDENT to COMMON to match the clocking topology used for the BRAM.
INFO: [Opt 31-422] The CLOCK_DOMAINS attribute on the BRAM cell mixer_i/system_ila_0/inst/ila_lib/inst/ila_core_inst/ila_trace_memory_inst/SUBCORE_RAM_BLK_MEM_1.trace_block_memory/inst_blk_mem_gen/gnbram.gnativebmg.native_blk_mem_gen/valid.cstr/ramloop[1].ram.r/prim_noinit.ram/DEVICE_8SERIES.NO_BMM_INFO.SDP.SIMPLE_PRIM36.ram has been changed from INDEPENDENT to COMMON to match the clocking topology used for the BRAM.
INFO: [Opt 31-422] The CLOCK_DOMAINS attribute on the BRAM cell mixer_i/system_ila_1/inst/ila_lib/inst/ila_core_inst/ila_trace_memory_inst/SUBCORE_RAM_BLK_MEM_1.trace_block_memory/inst_blk_mem_gen/gnbram.gnativebmg.native_blk_mem_gen/valid.cstr/ramloop[0].ram.r/prim_noinit.ram/DEVICE_8SERIES.NO_BMM_INFO.SDP.SIMPLE_PRIM18.ram has been changed from INDEPENDENT to COMMON to match the clocking topology used for the BRAM.
INFO: [Opt 31-422] The CLOCK_DOMAINS attribute on the BRAM cell mixer_i/system_ila_1/inst/ila_lib/inst/ila_core_inst/ila_trace_memory_inst/SUBCORE_RAM_BLK_MEM_1.trace_block_memory/inst_blk_mem_gen/gnbram.gnativebmg.native_blk_mem_gen/valid.cstr/ramloop[1].ram.r/prim_noinit.ram/DEVICE_8SERIES.NO_BMM_INFO.SDP.SIMPLE_PRIM36.ram has been changed from INDEPENDENT to COMMON to match the clocking topology used for the BRAM.
INFO: [Opt 31-49] Retargeted 0 cell(s).
Phase 2 Retarget | Checksum: 1521882b9

Time (s): cpu = 00:00:08 ; elapsed = 00:01:39 . Memory (MB): peak = 2590.938 ; gain = 19.453
INFO: [Opt 31-389] Phase Retarget created 132 cells and removed 552 cells
INFO: [Opt 31-1021] In phase Retarget, 196 netlist objects are constrained preventing optimization. Please run opt_design with -debug_log to get more detail. 

Phase 3 Constant propagation
INFO: [Opt 31-138] Pushed 1 inverter(s) to 1 load pin(s).
Phase 3 Constant propagation | Checksum: c2fca145

Time (s): cpu = 00:00:08 ; elapsed = 00:01:40 . Memory (MB): peak = 2590.938 ; gain = 19.453
INFO: [Opt 31-389] Phase Constant propagation created 178 cells and removed 1175 cells
INFO: [Opt 31-1021] In phase Constant propagation, 236 netlist objects are constrained preventing optimization. Please run opt_design with -debug_log to get more detail. 

Phase 4 Sweep
Phase 4 Sweep | Checksum: 8e548a29

Time (s): cpu = 00:00:10 ; elapsed = 00:01:41 . Memory (MB): peak = 2590.938 ; gain = 19.453
INFO: [Opt 31-389] Phase Sweep created 0 cells and removed 3237 cells
INFO: [Opt 31-1021] In phase Sweep, 1606 netlist objects are constrained preventing optimization. Please run opt_design with -debug_log to get more detail. 

Phase 5 BUFG optimization
INFO: [Opt 31-1077] Phase BUFG optimization inserted 0 global clock buffer(s) for CLOCK_LOW_FANOUT.
Phase 5 BUFG optimization | Checksum: 8e548a29

Time (s): cpu = 00:00:10 ; elapsed = 00:01:42 . Memory (MB): peak = 2590.938 ; gain = 19.453
INFO: [Opt 31-662] Phase BUFG optimization created 0 cells of which 0 are BUFGs and removed 0 cells.

Phase 6 Shift Register Optimization
INFO: [Opt 31-1064] SRL Remap converted 0 SRLs to 0 registers and converted 0 registers of register chains to 0 SRLs
Phase 6 Shift Register Optimization | Checksum: 8e548a29

Time (s): cpu = 00:00:10 ; elapsed = 00:01:42 . Memory (MB): peak = 2590.938 ; gain = 19.453
INFO: [Opt 31-389] Phase Shift Register Optimization created 0 cells and removed 0 cells

Phase 7 Post Processing Netlist
Phase 7 Post Processing Netlist | Checksum: a9ed3543

Time (s): cpu = 00:00:11 ; elapsed = 00:01:42 . Memory (MB): peak = 2590.938 ; gain = 19.453
INFO: [Opt 31-389] Phase Post Processing Netlist created 0 cells and removed 0 cells
INFO: [Opt 31-1021] In phase Post Processing Netlist, 172 netlist objects are constrained preventing optimization. Please run opt_design with -debug_log to get more detail. 
Opt_design Change Summary
=========================


-------------------------------------------------------------------------------------------------------------------------
|  Phase                        |  #Cells created  |  #Cells Removed  |  #Constrained objects preventing optimizations  |
-------------------------------------------------------------------------------------------------------------------------
|  Retarget                     |             132  |             552  |                                            196  |
|  Constant propagation         |             178  |            1175  |                                            236  |
|  Sweep                        |               0  |            3237  |                                           1606  |
|  BUFG optimization            |               0  |               0  |                                              0  |
|  Shift Register Optimization  |               0  |               0  |                                              0  |
|  Post Processing Netlist      |               0  |               0  |                                            172  |
-------------------------------------------------------------------------------------------------------------------------



Starting Connectivity Check Task

Time (s): cpu = 00:00:00 ; elapsed = 00:00:00.060 . Memory (MB): peak = 2590.938 ; gain = 0.000
Ending Logic Optimization Task | Checksum: d13c8f91

Time (s): cpu = 00:00:11 ; elapsed = 00:01:43 . Memory (MB): peak = 2590.938 ; gain = 19.453

Starting Power Optimization Task
INFO: [Pwropt 34-132] Skipping clock gating for clocks with a period < 2.00 ns.
INFO: [Timing 38-35] Done setting XDC timing constraints.
INFO: [Pwropt 34-9] Applying IDT optimizations ...
INFO: [Pwropt 34-10] Applying ODC optimizations ...
Running Vector-less Activity Propagation...

Finished Running Vector-less Activity Propagation


Starting PowerOpt Patch Enables Task
INFO: [Pwropt 34-162] WRITE_MODE attribute of 0 BRAM(s) out of a total of 134 has been updated to save power. Run report_power_opt to get a complete listing of the BRAMs updated.
INFO: [Pwropt 34-201] Structural ODC has moved 0 WE to EN ports
Number of BRAM Ports augmented: 69 newly gated: 0 Total Ports: 268
Ending PowerOpt Patch Enables Task | Checksum: e5b6bd5f

Time (s): cpu = 00:00:01 ; elapsed = 00:00:01 . Memory (MB): peak = 3359.672 ; gain = 0.000
Ending Power Optimization Task | Checksum: e5b6bd5f

Time (s): cpu = 00:00:26 ; elapsed = 00:00:19 . Memory (MB): peak = 3359.672 ; gain = 768.734

Starting Final Cleanup Task
Ending Final Cleanup Task | Checksum: e5b6bd5f

Time (s): cpu = 00:00:00 ; elapsed = 00:00:00.004 . Memory (MB): peak = 3359.672 ; gain = 0.000

Starting Netlist Obfuscation Task
Netlist sorting complete. Time (s): cpu = 00:00:00 ; elapsed = 00:00:00.043 . Memory (MB): peak = 3359.672 ; gain = 0.000
Ending Netlist Obfuscation Task | Checksum: c964c3dd

Time (s): cpu = 00:00:00 ; elapsed = 00:00:00.048 . Memory (MB): peak = 3359.672 ; gain = 0.000
INFO: [Common 17-83] Releasing license: Implementation
65 Infos, 3 Warnings, 0 Critical Warnings and 0 Errors encountered.
opt_design completed successfully
INFO: [Common 17-600] The following parameters have non-default value.
tcl.statsThreshold
INFO: [Timing 38-35] Done setting XDC timing constraints.
INFO: [Timing 38-480] Writing timing data to binary archive.
INFO: [Common 17-1381] The checkpoint 'D:/FPGA/Vivaldo Project/Digital_Font_End_LTE/Uplink/Mixer/fpga/mixer/mixer_down.runs/impl_1/mixer_wrapper_opt.dcp' has been generated.
INFO: [runtcl-4] Executing : report_drc -file mixer_wrapper_drc_opted.rpt -pb mixer_wrapper_drc_opted.pb -rpx mixer_wrapper_drc_opted.rpx
Command: report_drc -file mixer_wrapper_drc_opted.rpt -pb mixer_wrapper_drc_opted.pb -rpx mixer_wrapper_drc_opted.rpx
INFO: [IP_Flow 19-1839] IP Catalog is up to date.
INFO: [DRC 23-27] Running DRC with 2 threads
INFO: [Vivado_Tcl 2-168] The results of DRC are in file D:/FPGA/Vivaldo Project/Digital_Font_End_LTE/Uplink/Mixer/fpga/mixer/mixer_down.runs/impl_1/mixer_wrapper_drc_opted.rpt.
report_drc completed successfully
INFO: [Chipscope 16-240] Debug cores have already been implemented
Command: place_design
Attempting to get a license for feature 'Implementation' and/or device 'xck26'
INFO: [Common 17-349] Got license for feature 'Implementation' and/or device 'xck26'
INFO: [DRC 23-27] Running DRC with 2 threads
INFO: [Vivado_Tcl 4-198] DRC finished with 0 Errors
INFO: [Vivado_Tcl 4-199] Please refer to the DRC report (report_drc) for more information.
Running DRC as a precondition to command place_design
INFO: [DRC 23-27] Running DRC with 2 threads
INFO: [Vivado_Tcl 4-198] DRC finished with 0 Errors
INFO: [Vivado_Tcl 4-199] Please refer to the DRC report (report_drc) for more information.

Starting Placer Task
INFO: [Place 30-611] Multithreading enabled for place_design using a maximum of 2 CPUs

Phase 1 Placer Initialization

Phase 1.1 Placer Initialization Netlist Sorting
Netlist sorting complete. Time (s): cpu = 00:00:00 ; elapsed = 00:00:00.020 . Memory (MB): peak = 4203.828 ; gain = 0.000
Phase 1.1 Placer Initialization Netlist Sorting | Checksum: 2145caa5

Time (s): cpu = 00:00:00 ; elapsed = 00:00:00.040 . Memory (MB): peak = 4203.828 ; gain = 0.000
Netlist sorting complete. Time (s): cpu = 00:00:00 ; elapsed = 00:00:00.019 . Memory (MB): peak = 4203.828 ; gain = 0.000

Phase 1.2 IO Placement/ Clock Placement/ Build Placer Device
Phase 1.2 IO Placement/ Clock Placement/ Build Placer Device | Checksum: 10aaf87a4

Time (s): cpu = 00:00:04 ; elapsed = 00:00:03 . Memory (MB): peak = 4203.828 ; gain = 0.000

Phase 1.3 Build Placer Netlist Model
Phase 1.3 Build Placer Netlist Model | Checksum: 1b4058d62

Time (s): cpu = 00:00:14 ; elapsed = 00:00:11 . Memory (MB): peak = 4203.828 ; gain = 0.000

Phase 1.4 Constrain Clocks/Macros
Phase 1.4 Constrain Clocks/Macros | Checksum: 1b4058d62

Time (s): cpu = 00:00:14 ; elapsed = 00:00:11 . Memory (MB): peak = 4203.828 ; gain = 0.000
Phase 1 Placer Initialization | Checksum: 1b4058d62

Time (s): cpu = 00:00:14 ; elapsed = 00:00:11 . Memory (MB): peak = 4203.828 ; gain = 0.000

Phase 2 Global Placement

Phase 2.1 Floorplanning

Phase 2.1.1 Partition Driven Placement

Phase 2.1.1.1 PBP: Partition Driven Placement
Phase 2.1.1.1 PBP: Partition Driven Placement | Checksum: 1eb1a4f82

Time (s): cpu = 00:00:25 ; elapsed = 00:00:18 . Memory (MB): peak = 4203.828 ; gain = 0.000

Phase 2.1.1.2 PBP: Clock Region Placement
Phase 2.1.1.2 PBP: Clock Region Placement | Checksum: 16a74aa09

Time (s): cpu = 00:00:25 ; elapsed = 00:00:19 . Memory (MB): peak = 4203.828 ; gain = 0.000

Phase 2.1.1.3 PBP: Discrete Incremental
Phase 2.1.1.3 PBP: Discrete Incremental | Checksum: 1de8e6e86

Time (s): cpu = 00:00:25 ; elapsed = 00:00:19 . Memory (MB): peak = 4203.828 ; gain = 0.000

Phase 2.1.1.4 PBP: Compute Congestion
Phase 2.1.1.4 PBP: Compute Congestion | Checksum: 1de8e6e86

Time (s): cpu = 00:00:26 ; elapsed = 00:00:19 . Memory (MB): peak = 4203.828 ; gain = 0.000

Phase 2.1.1.5 PBP: Macro Placement
Phase 2.1.1.5 PBP: Macro Placement | Checksum: 1e7a955c5

Time (s): cpu = 00:00:26 ; elapsed = 00:00:20 . Memory (MB): peak = 4203.828 ; gain = 0.000

Phase 2.1.1.6 PBP: UpdateTiming
Phase 2.1.1.6 PBP: UpdateTiming | Checksum: 11f163199

Time (s): cpu = 00:00:28 ; elapsed = 00:00:21 . Memory (MB): peak = 4203.828 ; gain = 0.000

Phase 2.1.1.7 PBP: Add part constraints
Phase 2.1.1.7 PBP: Add part constraints | Checksum: 11f163199

Time (s): cpu = 00:00:28 ; elapsed = 00:00:21 . Memory (MB): peak = 4203.828 ; gain = 0.000
Phase 2.1.1 Partition Driven Placement | Checksum: 11f163199

Time (s): cpu = 00:00:28 ; elapsed = 00:00:21 . Memory (MB): peak = 4203.828 ; gain = 0.000
Phase 2.1 Floorplanning | Checksum: 1f42e3dfb

Time (s): cpu = 00:00:28 ; elapsed = 00:00:21 . Memory (MB): peak = 4203.828 ; gain = 0.000

Phase 2.2 Update Timing before SLR Path Opt
Phase 2.2 Update Timing before SLR Path Opt | Checksum: 1f42e3dfb

Time (s): cpu = 00:00:28 ; elapsed = 00:00:21 . Memory (MB): peak = 4203.828 ; gain = 0.000

Phase 2.3 Post-Processing in Floorplanning
Phase 2.3 Post-Processing in Floorplanning | Checksum: 1f42e3dfb

Time (s): cpu = 00:00:29 ; elapsed = 00:00:21 . Memory (MB): peak = 4203.828 ; gain = 0.000

Phase 2.4 Global Placement Core

Phase 2.4.1 UpdateTiming Before Physical Synthesis
Phase 2.4.1 UpdateTiming Before Physical Synthesis | Checksum: 1f45fc81c

Time (s): cpu = 00:00:54 ; elapsed = 00:00:39 . Memory (MB): peak = 4203.828 ; gain = 0.000

Phase 2.4.2 Physical Synthesis In Placer
INFO: [Physopt 32-1035] Found 0 LUTNM shape to break, 887 LUT instances to create LUTNM shape
INFO: [Physopt 32-1044] Break lutnm for timing: one critical 0, two critical 0, total 0, new lutff created 0
INFO: [Physopt 32-1138] End 1 Pass. Optimized 365 nets or LUTs. Breaked 0 LUT, combined 365 existing LUTs and moved 0 existing LUT
INFO: [Physopt 32-1030] Pass 1. Identified 3 candidate driver sets for equivalent driver rewiring.
INFO: [Physopt 32-661] Optimized 1 net.  Re-placed 7 instances.
INFO: [Physopt 32-775] End 1 Pass. Optimized 1 net or cell. Created 0 new cell, deleted 0 existing cell and moved 7 existing cells
Netlist sorting complete. Time (s): cpu = 00:00:00 ; elapsed = 00:00:00.029 . Memory (MB): peak = 4203.828 ; gain = 0.000
INFO: [Physopt 32-65] No nets found for high-fanout optimization.
INFO: [Physopt 32-232] Optimized 0 net. Created 0 new instance.
INFO: [Physopt 32-775] End 1 Pass. Optimized 0 net or cell. Created 0 new cell, deleted 0 existing cell and moved 0 existing cell
INFO: [Physopt 32-670] No setup violation found.  DSP Register Optimization was not performed.
INFO: [Physopt 32-670] No setup violation found.  Shift Register to Pipeline Optimization was not performed.
INFO: [Physopt 32-670] No setup violation found.  Shift Register Optimization was not performed.
INFO: [Physopt 32-670] No setup violation found.  BRAM Register Optimization was not performed.
INFO: [Physopt 32-670] No setup violation found.  URAM Register Optimization was not performed.
INFO: [Physopt 32-949] No candidate nets found for dynamic/static region interface net replication
INFO: [Physopt 32-775] End 1 Pass. Optimized 0 net or cell. Created 0 new cell, deleted 0 existing cell and moved 0 existing cell
Netlist sorting complete. Time (s): cpu = 00:00:00 ; elapsed = 00:00:00.020 . Memory (MB): peak = 4203.828 ; gain = 0.000

Summary of Physical Synthesis Optimizations
============================================


-----------------------------------------------------------------------------------------------------------------------------------------------------------
|  Optimization                                     |  Added Cells  |  Removed Cells  |  Optimized Cells/Nets  |  Dont Touch  |  Iterations  |  Elapsed   |
-----------------------------------------------------------------------------------------------------------------------------------------------------------
|  LUT Combining                                    |            0  |            365  |                   365  |           0  |           1  |  00:00:00  |
|  Retime                                           |            0  |              0  |                     0  |           0  |           1  |  00:00:00  |
|  Equivalent Driver Rewiring                       |            0  |              0  |                     1  |           0  |           1  |  00:00:01  |
|  Very High Fanout                                 |            0  |              0  |                     0  |           0  |           1  |  00:00:00  |
|  DSP Register                                     |            0  |              0  |                     0  |           0  |           0  |  00:00:00  |
|  Shift Register to Pipeline                       |            0  |              0  |                     0  |           0  |           0  |  00:00:00  |
|  Shift Register                                   |            0  |              0  |                     0  |           0  |           0  |  00:00:00  |
|  BRAM Register                                    |            0  |              0  |                     0  |           0  |           0  |  00:00:00  |
|  URAM Register                                    |            0  |              0  |                     0  |           0  |           0  |  00:00:00  |
|  Dynamic/Static Region Interface Net Replication  |            0  |              0  |                     0  |           0  |           1  |  00:00:00  |
|  Total                                            |            0  |            365  |                   366  |           0  |           5  |  00:00:01  |
-----------------------------------------------------------------------------------------------------------------------------------------------------------


Phase 2.4.2 Physical Synthesis In Placer | Checksum: 1dfbd472d

Time (s): cpu = 00:00:59 ; elapsed = 00:00:43 . Memory (MB): peak = 4203.828 ; gain = 0.000
Phase 2.4 Global Placement Core | Checksum: 142fbec77

Time (s): cpu = 00:01:00 ; elapsed = 00:00:44 . Memory (MB): peak = 4203.828 ; gain = 0.000
Phase 2 Global Placement | Checksum: 142fbec77

Time (s): cpu = 00:01:00 ; elapsed = 00:00:45 . Memory (MB): peak = 4203.828 ; gain = 0.000

Phase 3 Detail Placement

Phase 3.1 Commit Multi Column Macros
Phase 3.1 Commit Multi Column Macros | Checksum: 14e212952

Time (s): cpu = 00:01:02 ; elapsed = 00:00:46 . Memory (MB): peak = 4203.828 ; gain = 0.000

Phase 3.2 Commit Most Macros & LUTRAMs
Phase 3.2 Commit Most Macros & LUTRAMs | Checksum: b8a5a675

Time (s): cpu = 00:01:06 ; elapsed = 00:00:49 . Memory (MB): peak = 4203.828 ; gain = 0.000

Phase 3.3 Small Shape DP

Phase 3.3.1 Small Shape Clustering
Phase 3.3.1 Small Shape Clustering | Checksum: 155331e2b

Time (s): cpu = 00:01:07 ; elapsed = 00:00:50 . Memory (MB): peak = 4203.828 ; gain = 0.000

Phase 3.3.2 Flow Legalize Slice Clusters
Phase 3.3.2 Flow Legalize Slice Clusters | Checksum: bf25b645

Time (s): cpu = 00:01:07 ; elapsed = 00:00:51 . Memory (MB): peak = 4203.828 ; gain = 0.000

Phase 3.3.3 Slice Area Swap

Phase 3.3.3.1 Slice Area Swap Initial
Phase 3.3.3.1 Slice Area Swap Initial | Checksum: 14ca55d2b

Time (s): cpu = 00:01:09 ; elapsed = 00:00:53 . Memory (MB): peak = 4203.828 ; gain = 0.000
Phase 3.3.3 Slice Area Swap | Checksum: 14ca55d2b

Time (s): cpu = 00:01:10 ; elapsed = 00:00:53 . Memory (MB): peak = 4203.828 ; gain = 0.000
Phase 3.3 Small Shape DP | Checksum: f7bac212

Time (s): cpu = 00:01:15 ; elapsed = 00:00:56 . Memory (MB): peak = 4203.828 ; gain = 0.000

Phase 3.4 Re-assign LUT pins
Phase 3.4 Re-assign LUT pins | Checksum: d3f4092f

Time (s): cpu = 00:01:17 ; elapsed = 00:00:58 . Memory (MB): peak = 4203.828 ; gain = 0.000

Phase 3.5 Pipeline Register Optimization
Phase 3.5 Pipeline Register Optimization | Checksum: 11e8e9356

Time (s): cpu = 00:01:17 ; elapsed = 00:00:59 . Memory (MB): peak = 4203.828 ; gain = 0.000
Phase 3 Detail Placement | Checksum: 11e8e9356

Time (s): cpu = 00:01:17 ; elapsed = 00:00:59 . Memory (MB): peak = 4203.828 ; gain = 0.000

Phase 4 Post Placement Optimization and Clean-Up

Phase 4.1 Post Commit Optimization
INFO: [Timing 38-35] Done setting XDC timing constraints.

Phase 4.1.1 Post Placement Optimization
Post Placement Optimization Initialization | Checksum: 2470af8ba

Phase 4.1.1.1 BUFG Insertion

Starting Physical Synthesis Task

Phase 1 Physical Synthesis Initialization
INFO: [Physopt 32-721] Multithreading enabled for phys_opt_design using a maximum of 2 CPUs
INFO: [Physopt 32-619] Estimated Timing Summary | WNS=5.088 | TNS=0.000 |
Phase 1 Physical Synthesis Initialization | Checksum: 1a0b05319

Time (s): cpu = 00:00:01 ; elapsed = 00:00:00.717 . Memory (MB): peak = 4203.828 ; gain = 0.000
INFO: [Place 46-56] BUFG insertion identified 0 candidate nets. Inserted BUFG: 0, Replicated BUFG Driver: 0, Skipped due to Placement/Routing Conflicts: 0, Skipped due to Timing Degradation: 0, Skipped due to Illegal Netlist: 0.
Ending Physical Synthesis Task | Checksum: 18d6b71c5

Time (s): cpu = 00:00:01 ; elapsed = 00:00:00.968 . Memory (MB): peak = 4203.828 ; gain = 0.000
Phase 4.1.1.1 BUFG Insertion | Checksum: 2470af8ba

Time (s): cpu = 00:01:31 ; elapsed = 00:01:09 . Memory (MB): peak = 4203.828 ; gain = 0.000

Phase 4.1.1.2 Post Placement Timing Optimization
INFO: [Place 30-746] Post Placement Timing Summary WNS=5.088. For the most accurate timing information please run report_timing.
Phase 4.1.1.2 Post Placement Timing Optimization | Checksum: 19c33cf93

Time (s): cpu = 00:01:32 ; elapsed = 00:01:10 . Memory (MB): peak = 4203.828 ; gain = 0.000

Time (s): cpu = 00:01:32 ; elapsed = 00:01:10 . Memory (MB): peak = 4203.828 ; gain = 0.000
Phase 4.1 Post Commit Optimization | Checksum: 19c33cf93

Time (s): cpu = 00:01:32 ; elapsed = 00:01:10 . Memory (MB): peak = 4203.828 ; gain = 0.000
Netlist sorting complete. Time (s): cpu = 00:00:00 ; elapsed = 00:00:00.020 . Memory (MB): peak = 4203.828 ; gain = 0.000

Phase 4.2 Post Placement Cleanup
Phase 4.2 Post Placement Cleanup | Checksum: 20227f3cc

Time (s): cpu = 00:01:35 ; elapsed = 00:01:13 . Memory (MB): peak = 4203.828 ; gain = 0.000

Phase 4.3 Placer Reporting

Phase 4.3.1 Print Estimated Congestion
INFO: [Place 30-612] Post-Placement Estimated Congestion 
 ________________________________________________________________________
|           | Global Congestion | Long Congestion   | Short Congestion  |
| Direction | Region Size       | Region Size       | Region Size       |
|___________|___________________|___________________|___________________|
|      North|                1x1|                1x1|                2x2|
|___________|___________________|___________________|___________________|
|      South|                1x1|                1x1|                4x4|
|___________|___________________|___________________|___________________|
|       East|                4x4|                1x1|                8x8|
|___________|___________________|___________________|___________________|
|       West|                2x2|                1x1|                8x8|
|___________|___________________|___________________|___________________|

Phase 4.3.1 Print Estimated Congestion | Checksum: 20227f3cc

Time (s): cpu = 00:01:36 ; elapsed = 00:01:13 . Memory (MB): peak = 4203.828 ; gain = 0.000
Phase 4.3 Placer Reporting | Checksum: 20227f3cc

Time (s): cpu = 00:01:36 ; elapsed = 00:01:13 . Memory (MB): peak = 4203.828 ; gain = 0.000

Phase 4.4 Final Placement Cleanup
Netlist sorting complete. Time (s): cpu = 00:00:00 ; elapsed = 00:00:00.020 . Memory (MB): peak = 4203.828 ; gain = 0.000

Time (s): cpu = 00:01:36 ; elapsed = 00:01:13 . Memory (MB): peak = 4203.828 ; gain = 0.000
Phase 4 Post Placement Optimization and Clean-Up | Checksum: 20874e49d

Time (s): cpu = 00:01:36 ; elapsed = 00:01:14 . Memory (MB): peak = 4203.828 ; gain = 0.000
Ending Placer Task | Checksum: 1d67f96af

Time (s): cpu = 00:01:36 ; elapsed = 00:01:14 . Memory (MB): peak = 4203.828 ; gain = 0.000
INFO: [Common 17-83] Releasing license: Implementation
105 Infos, 3 Warnings, 0 Critical Warnings and 0 Errors encountered.
place_design completed successfully
INFO: [Common 17-600] The following parameters have non-default value.
tcl.statsThreshold
INFO: [Timing 38-480] Writing timing data to binary archive.
Writing XDEF routing.
Writing XDEF routing logical nets.
Writing XDEF routing special nets.
Write XDEF Complete: Time (s): cpu = 00:00:08 ; elapsed = 00:00:02 . Memory (MB): peak = 4203.828 ; gain = 0.000
INFO: [Common 17-1381] The checkpoint 'D:/FPGA/Vivaldo Project/Digital_Font_End_LTE/Uplink/Mixer/fpga/mixer/mixer_down.runs/impl_1/mixer_wrapper_placed.dcp' has been generated.
INFO: [runtcl-4] Executing : report_io -file mixer_wrapper_io_placed.rpt
report_io: Time (s): cpu = 00:00:00 ; elapsed = 00:00:00.090 . Memory (MB): peak = 4203.828 ; gain = 0.000
INFO: [runtcl-4] Executing : report_utilization -file mixer_wrapper_utilization_placed.rpt -pb mixer_wrapper_utilization_placed.pb
INFO: [runtcl-4] Executing : report_control_sets -verbose -file mixer_wrapper_control_sets_placed.rpt
report_control_sets: Time (s): cpu = 00:00:00 ; elapsed = 00:00:00.111 . Memory (MB): peak = 4203.828 ; gain = 0.000
Command: phys_opt_design
Attempting to get a license for feature 'Implementation' and/or device 'xck26'
INFO: [Common 17-349] Got license for feature 'Implementation' and/or device 'xck26'

Starting Initial Update Timing Task

Time (s): cpu = 00:00:09 ; elapsed = 00:00:06 . Memory (MB): peak = 4203.828 ; gain = 0.000
INFO: [Vivado_Tcl 4-383] Design worst setup slack (WNS) is greater than or equal to 0.000 ns. Skipping all physical synthesis optimizations.
INFO: [Vivado_Tcl 4-232] No setup violation found. The netlist was not modified.
INFO: [Common 17-83] Releasing license: Implementation
115 Infos, 3 Warnings, 0 Critical Warnings and 0 Errors encountered.
phys_opt_design completed successfully
INFO: [Common 17-600] The following parameters have non-default value.
tcl.statsThreshold
INFO: [Timing 38-480] Writing timing data to binary archive.
Writing XDEF routing.
Writing XDEF routing logical nets.
Writing XDEF routing special nets.
Write XDEF Complete: Time (s): cpu = 00:00:07 ; elapsed = 00:00:02 . Memory (MB): peak = 4203.828 ; gain = 0.000
INFO: [Common 17-1381] The checkpoint 'D:/FPGA/Vivaldo Project/Digital_Font_End_LTE/Uplink/Mixer/fpga/mixer/mixer_down.runs/impl_1/mixer_wrapper_physopt.dcp' has been generated.
Command: route_design
Attempting to get a license for feature 'Implementation' and/or device 'xck26'
INFO: [Common 17-349] Got license for feature 'Implementation' and/or device 'xck26'
Running DRC as a precondition to command route_design
INFO: [DRC 23-27] Running DRC with 2 threads
INFO: [Vivado_Tcl 4-198] DRC finished with 0 Errors
INFO: [Vivado_Tcl 4-199] Please refer to the DRC report (report_drc) for more information.


Starting Routing Task
INFO: [Route 35-254] Multithreading enabled for route_design using a maximum of 2 CPUs

Phase 1 Build RT Design
Checksum: PlaceDB: c98795c1 ConstDB: 0 ShapeSum: a703dcb5 RouteDB: 65f42439
Nodegraph reading from file.  Time (s): cpu = 00:00:01 ; elapsed = 00:00:00.834 . Memory (MB): peak = 4203.828 ; gain = 0.000
Post Restoration Checksum: NetGraph: dacaddca NumContArr: cba3f7ca Constraints: 23d89740 Timing: 0
Phase 1 Build RT Design | Checksum: 1ca476cd4

Time (s): cpu = 00:00:13 ; elapsed = 00:00:10 . Memory (MB): peak = 4203.828 ; gain = 0.000

Phase 2 Router Initialization

Phase 2.1 Fix Topology Constraints
Phase 2.1 Fix Topology Constraints | Checksum: 1ca476cd4

Time (s): cpu = 00:00:14 ; elapsed = 00:00:10 . Memory (MB): peak = 4203.828 ; gain = 0.000

Phase 2.2 Pre Route Cleanup
Phase 2.2 Pre Route Cleanup | Checksum: 1ca476cd4

Time (s): cpu = 00:00:14 ; elapsed = 00:00:11 . Memory (MB): peak = 4203.828 ; gain = 0.000

Phase 2.3 Global Clock Net Routing
 Number of Nodes with overlaps = 0
Phase 2.3 Global Clock Net Routing | Checksum: fcce8b15

Time (s): cpu = 00:00:15 ; elapsed = 00:00:12 . Memory (MB): peak = 4203.828 ; gain = 0.000

Phase 2.4 Update Timing
Phase 2.4 Update Timing | Checksum: 1a0ed24c1

Time (s): cpu = 00:00:21 ; elapsed = 00:00:16 . Memory (MB): peak = 4203.828 ; gain = 0.000
INFO: [Route 35-416] Intermediate Timing Summary | WNS=5.137  | TNS=0.000  | WHS=-0.095 | THS=-187.363|


Phase 2.5 Update Timing for Bus Skew

Phase 2.5.1 Update Timing
Phase 2.5.1 Update Timing | Checksum: 193fc31b4

Time (s): cpu = 00:00:36 ; elapsed = 00:00:25 . Memory (MB): peak = 4203.828 ; gain = 0.000
INFO: [Route 35-416] Intermediate Timing Summary | WNS=5.137  | TNS=0.000  | WHS=N/A    | THS=N/A    |

Phase 2.5 Update Timing for Bus Skew | Checksum: 20ac082b0

Time (s): cpu = 00:00:36 ; elapsed = 00:00:25 . Memory (MB): peak = 4203.828 ; gain = 0.000

Router Utilization Summary
  Global Vertical Routing Utilization    = 0.00128045 %
  Global Horizontal Routing Utilization  = 0.00084957 %
  Routable Net Status*
  *Does not include unroutable nets such as driverless and loadless.
  Run report_route_status for detailed report.
  Number of Failed Nets               = 24973
    (Failed Nets is the sum of unrouted and partially routed nets)
  Number of Unrouted Nets             = 21422
  Number of Partially Routed Nets     = 3551
  Number of Node Overlaps             = 0

Phase 2 Router Initialization | Checksum: 1d1714115

Time (s): cpu = 00:00:37 ; elapsed = 00:00:26 . Memory (MB): peak = 4203.828 ; gain = 0.000

Phase 3 Initial Routing

Phase 3.1 Global Routing
Phase 3.1 Global Routing | Checksum: 1d1714115

Time (s): cpu = 00:00:37 ; elapsed = 00:00:26 . Memory (MB): peak = 4203.828 ; gain = 0.000
Phase 3 Initial Routing | Checksum: 1929e6cf5

Time (s): cpu = 00:00:45 ; elapsed = 00:00:31 . Memory (MB): peak = 4203.828 ; gain = 0.000

Phase 4 Rip-up And Reroute

Phase 4.1 Global Iteration 0
 Number of Nodes with overlaps = 3912
 Number of Nodes with overlaps = 168
 Number of Nodes with overlaps = 3
 Number of Nodes with overlaps = 0
INFO: [Route 35-416] Intermediate Timing Summary | WNS=2.382  | TNS=0.000  | WHS=-0.072 | THS=-0.663 |

Phase 4.1 Global Iteration 0 | Checksum: 1c2e0c526

Time (s): cpu = 00:01:20 ; elapsed = 00:00:53 . Memory (MB): peak = 4203.828 ; gain = 0.000

Phase 4.2 Global Iteration 1
 Number of Nodes with overlaps = 0
INFO: [Route 35-416] Intermediate Timing Summary | WNS=2.382  | TNS=0.000  | WHS=N/A    | THS=N/A    |

Phase 4.2 Global Iteration 1 | Checksum: 148cfd9d5

Time (s): cpu = 00:01:24 ; elapsed = 00:00:56 . Memory (MB): peak = 4203.828 ; gain = 0.000
Phase 4 Rip-up And Reroute | Checksum: 148cfd9d5

Time (s): cpu = 00:01:24 ; elapsed = 00:00:56 . Memory (MB): peak = 4203.828 ; gain = 0.000

Phase 5 Delay and Skew Optimization

Phase 5.1 Delay CleanUp
Phase 5.1 Delay CleanUp | Checksum: 167578215

Time (s): cpu = 00:01:24 ; elapsed = 00:00:56 . Memory (MB): peak = 4203.828 ; gain = 0.000

Phase 5.2 Clock Skew Optimization
Phase 5.2 Clock Skew Optimization | Checksum: 167578215

Time (s): cpu = 00:01:24 ; elapsed = 00:00:56 . Memory (MB): peak = 4203.828 ; gain = 0.000
Phase 5 Delay and Skew Optimization | Checksum: 167578215

Time (s): cpu = 00:01:24 ; elapsed = 00:00:56 . Memory (MB): peak = 4203.828 ; gain = 0.000

Phase 6 Post Hold Fix

Phase 6.1 Hold Fix Iter

Phase 6.1.1 Update Timing
Phase 6.1.1 Update Timing | Checksum: 1a0bd3a97

Time (s): cpu = 00:01:30 ; elapsed = 00:01:00 . Memory (MB): peak = 4203.828 ; gain = 0.000
INFO: [Route 35-416] Intermediate Timing Summary | WNS=2.382  | TNS=0.000  | WHS=0.010  | THS=0.000  |

Phase 6.1 Hold Fix Iter | Checksum: 130302f25

Time (s): cpu = 00:01:30 ; elapsed = 00:01:00 . Memory (MB): peak = 4203.828 ; gain = 0.000
Phase 6 Post Hold Fix | Checksum: 130302f25

Time (s): cpu = 00:01:30 ; elapsed = 00:01:00 . Memory (MB): peak = 4203.828 ; gain = 0.000

Phase 7 Route finalize

Router Utilization Summary
  Global Vertical Routing Utilization    = 2.21904 %
  Global Horizontal Routing Utilization  = 2.64934 %
  Routable Net Status*
  *Does not include unroutable nets such as driverless and loadless.
  Run report_route_status for detailed report.
  Number of Failed Nets               = 0
    (Failed Nets is the sum of unrouted and partially routed nets)
  Number of Unrouted Nets             = 0
  Number of Partially Routed Nets     = 0
  Number of Node Overlaps             = 0

Phase 7 Route finalize | Checksum: 186173944

Time (s): cpu = 00:01:30 ; elapsed = 00:01:01 . Memory (MB): peak = 4203.828 ; gain = 0.000

Phase 8 Verifying routed nets

 Verification completed successfully
Phase 8 Verifying routed nets | Checksum: 186173944

Time (s): cpu = 00:01:31 ; elapsed = 00:01:01 . Memory (MB): peak = 4203.828 ; gain = 0.000

Phase 9 Depositing Routes
Phase 9 Depositing Routes | Checksum: 186173944

Time (s): cpu = 00:01:33 ; elapsed = 00:01:03 . Memory (MB): peak = 4203.828 ; gain = 0.000

Phase 10 Resolve XTalk
Phase 10 Resolve XTalk | Checksum: 186173944

Time (s): cpu = 00:01:33 ; elapsed = 00:01:03 . Memory (MB): peak = 4203.828 ; gain = 0.000

Phase 11 Post Router Timing
INFO: [Route 35-57] Estimated Timing Summary | WNS=2.382  | TNS=0.000  | WHS=0.010  | THS=0.000  |

INFO: [Route 35-327] The final timing numbers are based on the router estimated timing analysis. For a complete and accurate timing signoff, please run report_timing_summary.
Phase 11 Post Router Timing | Checksum: 186173944

Time (s): cpu = 00:01:35 ; elapsed = 00:01:05 . Memory (MB): peak = 4203.828 ; gain = 0.000
INFO: [Route 35-16] Router Completed Successfully

Time (s): cpu = 00:01:35 ; elapsed = 00:01:05 . Memory (MB): peak = 4203.828 ; gain = 0.000

Routing Is Done.
INFO: [Common 17-83] Releasing license: Implementation
132 Infos, 3 Warnings, 0 Critical Warnings and 0 Errors encountered.
route_design completed successfully
INFO: [Common 17-600] The following parameters have non-default value.
tcl.statsThreshold
INFO: [Timing 38-480] Writing timing data to binary archive.
Writing XDEF routing.
Writing XDEF routing logical nets.
Writing XDEF routing special nets.
Write XDEF Complete: Time (s): cpu = 00:00:09 ; elapsed = 00:00:03 . Memory (MB): peak = 4203.828 ; gain = 0.000
INFO: [Common 17-1381] The checkpoint 'D:/FPGA/Vivaldo Project/Digital_Font_End_LTE/Uplink/Mixer/fpga/mixer/mixer_down.runs/impl_1/mixer_wrapper_routed.dcp' has been generated.
INFO: [runtcl-4] Executing : report_drc -file mixer_wrapper_drc_routed.rpt -pb mixer_wrapper_drc_routed.pb -rpx mixer_wrapper_drc_routed.rpx
Command: report_drc -file mixer_wrapper_drc_routed.rpt -pb mixer_wrapper_drc_routed.pb -rpx mixer_wrapper_drc_routed.rpx
INFO: [IP_Flow 19-1839] IP Catalog is up to date.
INFO: [DRC 23-27] Running DRC with 2 threads
INFO: [Vivado_Tcl 2-168] The results of DRC are in file D:/FPGA/Vivaldo Project/Digital_Font_End_LTE/Uplink/Mixer/fpga/mixer/mixer_down.runs/impl_1/mixer_wrapper_drc_routed.rpt.
report_drc completed successfully
INFO: [runtcl-4] Executing : report_methodology -file mixer_wrapper_methodology_drc_routed.rpt -pb mixer_wrapper_methodology_drc_routed.pb -rpx mixer_wrapper_methodology_drc_routed.rpx
Command: report_methodology -file mixer_wrapper_methodology_drc_routed.rpt -pb mixer_wrapper_methodology_drc_routed.pb -rpx mixer_wrapper_methodology_drc_routed.rpx
INFO: [Timing 38-35] Done setting XDC timing constraints.
INFO: [DRC 23-133] Running Methodology with 2 threads
INFO: [Vivado_Tcl 2-1520] The results of Report Methodology are in file D:/FPGA/Vivaldo Project/Digital_Font_End_LTE/Uplink/Mixer/fpga/mixer/mixer_down.runs/impl_1/mixer_wrapper_methodology_drc_routed.rpt.
report_methodology completed successfully
INFO: [runtcl-4] Executing : report_power -file mixer_wrapper_power_routed.rpt -pb mixer_wrapper_power_summary_routed.pb -rpx mixer_wrapper_power_routed.rpx
Command: report_power -file mixer_wrapper_power_routed.rpt -pb mixer_wrapper_power_summary_routed.pb -rpx mixer_wrapper_power_routed.rpx
INFO: [Timing 38-35] Done setting XDC timing constraints.
Running Vector-less Activity Propagation...

Finished Running Vector-less Activity Propagation
WARNING: [Power 33-332] Found switching activity that implies high-fanout reset nets being asserted for excessive periods of time which may result in inaccurate power analysis.
Resolution: To review and fix problems, please run Power Constraints Advisor in the GUI from Tools > Power Constraints Advisor or run report_power with the -advisory option to generate a text report.
145 Infos, 4 Warnings, 0 Critical Warnings and 0 Errors encountered.
report_power completed successfully
INFO: [runtcl-4] Executing : report_route_status -file mixer_wrapper_route_status.rpt -pb mixer_wrapper_route_status.pb
INFO: [runtcl-4] Executing : report_timing_summary -max_paths 10 -report_unconstrained -file mixer_wrapper_timing_summary_routed.rpt -pb mixer_wrapper_timing_summary_routed.pb -rpx mixer_wrapper_timing_summary_routed.rpx -warn_on_violation 
INFO: [Timing 38-91] UpdateTimingParams: Speed grade: -2LV, Temperature grade: C, Delay Type: min_max.
INFO: [Timing 38-191] Multithreading enabled for timing update using a maximum of 2 CPUs
WARNING: [Timing 38-436] There are set_bus_skew constraint(s) in this design. Please run report_bus_skew to ensure that bus skew requirements are met.
INFO: [runtcl-4] Executing : report_incremental_reuse -file mixer_wrapper_incremental_reuse_routed.rpt
INFO: [Vivado_Tcl 4-1062] Incremental flow is disabled. No incremental reuse Info to report.
INFO: [runtcl-4] Executing : report_clock_utilization -file mixer_wrapper_clock_utilization_routed.rpt
INFO: [runtcl-4] Executing : report_bus_skew -warn_on_violation -file mixer_wrapper_bus_skew_routed.rpt -pb mixer_wrapper_bus_skew_routed.pb -rpx mixer_wrapper_bus_skew_routed.rpx
INFO: [Timing 38-91] UpdateTimingParams: Speed grade: -2LV, Temperature grade: C, Delay Type: min_max.
INFO: [Timing 38-191] Multithreading enabled for timing update using a maximum of 2 CPUs

WARNING::74 - Unsupported FPGA device name 'xck26-sfvc784-2LV-c'. Verify that the specified device is a valid customer supported device.
-p xck26-sfvc784-2LV-c
   ^

INFO: [Memdata 28-167] Found XPM memory block mixer_i/smartconnect_0/inst/s02_nodes/s02_w_node/inst/inst_mi_handler/gen_normal_area.inst_fifo_node_payld/gen_xpm_memory_fifo.inst_fifo/gen_mem_rep[0].inst_xpm_memory/xpm_memory_base_inst with a P_MEMORY_PRIMITIVE property set to distributed. A value of block is required. You will not be able to use the updatemem program to update the bitstream with new data for the mixer_i/smartconnect_0/inst/s02_nodes/s02_w_node/inst/inst_mi_handler/gen_normal_area.inst_fifo_node_payld/gen_xpm_memory_fifo.inst_fifo/gen_mem_rep[0].inst_xpm_memory/xpm_memory_base_inst block.
INFO: [Memdata 28-167] Found XPM memory block mixer_i/smartconnect_0/inst/s02_nodes/s02_w_node/inst/inst_mi_handler/gen_normal_area.gen_fifo_req.inst_fifo_req/gen_xpm_memory_fifo.inst_fifo/gen_mem_rep[0].inst_xpm_memory/xpm_memory_base_inst with a P_MEMORY_PRIMITIVE property set to distributed. A value of block is required. You will not be able to use the updatemem program to update the bitstream with new data for the mixer_i/smartconnect_0/inst/s02_nodes/s02_w_node/inst/inst_mi_handler/gen_normal_area.gen_fifo_req.inst_fifo_req/gen_xpm_memory_fifo.inst_fifo/gen_mem_rep[0].inst_xpm_memory/xpm_memory_base_inst block.
INFO: [Memdata 28-167] Found XPM memory block mixer_i/smartconnect_0/inst/s02_nodes/s02_b_node/inst/inst_mi_handler/gen_normal_area.inst_fifo_node_payld/gen_xpm_memory_fifo.inst_fifo/gen_mem_rep[0].inst_xpm_memory/xpm_memory_base_inst with a P_MEMORY_PRIMITIVE property set to distributed. A value of block is required. You will not be able to use the updatemem program to update the bitstream with new data for the mixer_i/smartconnect_0/inst/s02_nodes/s02_b_node/inst/inst_mi_handler/gen_normal_area.inst_fifo_node_payld/gen_xpm_memory_fifo.inst_fifo/gen_mem_rep[0].inst_xpm_memory/xpm_memory_base_inst block.
INFO: [Memdata 28-167] Found XPM memory block mixer_i/smartconnect_0/inst/s02_nodes/s02_aw_node/inst/inst_mi_handler/gen_normal_area.inst_fifo_node_payld/gen_xpm_memory_fifo.inst_fifo/gen_mem_rep[0].inst_xpm_memory/xpm_memory_base_inst with a P_MEMORY_PRIMITIVE property set to distributed. A value of block is required. You will not be able to use the updatemem program to update the bitstream with new data for the mixer_i/smartconnect_0/inst/s02_nodes/s02_aw_node/inst/inst_mi_handler/gen_normal_area.inst_fifo_node_payld/gen_xpm_memory_fifo.inst_fifo/gen_mem_rep[0].inst_xpm_memory/xpm_memory_base_inst block.
INFO: [Memdata 28-167] Found XPM memory block mixer_i/smartconnect_0/inst/s02_nodes/s02_aw_node/inst/inst_mi_handler/gen_normal_area.gen_fifo_req.inst_fifo_req/gen_xpm_memory_fifo.inst_fifo/gen_mem_rep[0].inst_xpm_memory/xpm_memory_base_inst with a P_MEMORY_PRIMITIVE property set to distributed. A value of block is required. You will not be able to use the updatemem program to update the bitstream with new data for the mixer_i/smartconnect_0/inst/s02_nodes/s02_aw_node/inst/inst_mi_handler/gen_normal_area.gen_fifo_req.inst_fifo_req/gen_xpm_memory_fifo.inst_fifo/gen_mem_rep[0].inst_xpm_memory/xpm_memory_base_inst block.
INFO: [Memdata 28-167] Found XPM memory block mixer_i/smartconnect_0/inst/s01_nodes/s01_r_node/inst/inst_mi_handler/gen_normal_area.inst_fifo_node_payld/gen_xpm_memory_fifo.inst_fifo/gen_mem_rep[0].inst_xpm_memory/xpm_memory_base_inst with a P_MEMORY_PRIMITIVE property set to distributed. A value of block is required. You will not be able to use the updatemem program to update the bitstream with new data for the mixer_i/smartconnect_0/inst/s01_nodes/s01_r_node/inst/inst_mi_handler/gen_normal_area.inst_fifo_node_payld/gen_xpm_memory_fifo.inst_fifo/gen_mem_rep[0].inst_xpm_memory/xpm_memory_base_inst block.
INFO: [Memdata 28-167] Found XPM memory block mixer_i/smartconnect_0/inst/s01_nodes/s01_ar_node/inst/inst_mi_handler/gen_normal_area.inst_fifo_node_payld/gen_xpm_memory_fifo.inst_fifo/gen_mem_rep[0].inst_xpm_memory/xpm_memory_base_inst with a P_MEMORY_PRIMITIVE property set to distributed. A value of block is required. You will not be able to use the updatemem program to update the bitstream with new data for the mixer_i/smartconnect_0/inst/s01_nodes/s01_ar_node/inst/inst_mi_handler/gen_normal_area.inst_fifo_node_payld/gen_xpm_memory_fifo.inst_fifo/gen_mem_rep[0].inst_xpm_memory/xpm_memory_base_inst block.
INFO: [Memdata 28-167] Found XPM memory block mixer_i/smartconnect_0/inst/s01_nodes/s01_ar_node/inst/inst_mi_handler/gen_normal_area.gen_fifo_req.inst_fifo_req/gen_xpm_memory_fifo.inst_fifo/gen_mem_rep[0].inst_xpm_memory/xpm_memory_base_inst with a P_MEMORY_PRIMITIVE property set to distributed. A value of block is required. You will not be able to use the updatemem program to update the bitstream with new data for the mixer_i/smartconnect_0/inst/s01_nodes/s01_ar_node/inst/inst_mi_handler/gen_normal_area.gen_fifo_req.inst_fifo_req/gen_xpm_memory_fifo.inst_fifo/gen_mem_rep[0].inst_xpm_memory/xpm_memory_base_inst block.
INFO: [Memdata 28-167] Found XPM memory block mixer_i/smartconnect_0/inst/s00_nodes/s00_w_node/inst/inst_mi_handler/gen_normal_area.inst_fifo_node_payld/gen_xpm_memory_fifo.inst_fifo/gen_mem_rep[0].inst_xpm_memory/xpm_memory_base_inst with a P_MEMORY_PRIMITIVE property set to distributed. A value of block is required. You will not be able to use the updatemem program to update the bitstream with new data for the mixer_i/smartconnect_0/inst/s00_nodes/s00_w_node/inst/inst_mi_handler/gen_normal_area.inst_fifo_node_payld/gen_xpm_memory_fifo.inst_fifo/gen_mem_rep[0].inst_xpm_memory/xpm_memory_base_inst block.
INFO: [Memdata 28-167] Found XPM memory block mixer_i/smartconnect_0/inst/s00_nodes/s00_w_node/inst/inst_mi_handler/gen_normal_area.gen_fifo_req.inst_fifo_req/gen_xpm_memory_fifo.inst_fifo/gen_mem_rep[0].inst_xpm_memory/xpm_memory_base_inst with a P_MEMORY_PRIMITIVE property set to distributed. A value of block is required. You will not be able to use the updatemem program to update the bitstream with new data for the mixer_i/smartconnect_0/inst/s00_nodes/s00_w_node/inst/inst_mi_handler/gen_normal_area.gen_fifo_req.inst_fifo_req/gen_xpm_memory_fifo.inst_fifo/gen_mem_rep[0].inst_xpm_memory/xpm_memory_base_inst block.
INFO: [Memdata 28-167] Found XPM memory block mixer_i/smartconnect_0/inst/s00_nodes/s00_r_node/inst/inst_mi_handler/gen_normal_area.inst_fifo_node_payld/gen_xpm_memory_fifo.inst_fifo/gen_mem_rep[0].inst_xpm_memory/xpm_memory_base_inst with a P_MEMORY_PRIMITIVE property set to distributed. A value of block is required. You will not be able to use the updatemem program to update the bitstream with new data for the mixer_i/smartconnect_0/inst/s00_nodes/s00_r_node/inst/inst_mi_handler/gen_normal_area.inst_fifo_node_payld/gen_xpm_memory_fifo.inst_fifo/gen_mem_rep[0].inst_xpm_memory/xpm_memory_base_inst block.
INFO: [Memdata 28-167] Found XPM memory block mixer_i/smartconnect_0/inst/s00_nodes/s00_b_node/inst/inst_mi_handler/gen_normal_area.inst_fifo_node_payld/gen_xpm_memory_fifo.inst_fifo/gen_mem_rep[0].inst_xpm_memory/xpm_memory_base_inst with a P_MEMORY_PRIMITIVE property set to distributed. A value of block is required. You will not be able to use the updatemem program to update the bitstream with new data for the mixer_i/smartconnect_0/inst/s00_nodes/s00_b_node/inst/inst_mi_handler/gen_normal_area.inst_fifo_node_payld/gen_xpm_memory_fifo.inst_fifo/gen_mem_rep[0].inst_xpm_memory/xpm_memory_base_inst block.
INFO: [Memdata 28-167] Found XPM memory block mixer_i/smartconnect_0/inst/s00_nodes/s00_aw_node/inst/inst_mi_handler/gen_normal_area.inst_fifo_node_payld/gen_xpm_memory_fifo.inst_fifo/gen_mem_rep[0].inst_xpm_memory/xpm_memory_base_inst with a P_MEMORY_PRIMITIVE property set to distributed. A value of block is required. You will not be able to use the updatemem program to update the bitstream with new data for the mixer_i/smartconnect_0/inst/s00_nodes/s00_aw_node/inst/inst_mi_handler/gen_normal_area.inst_fifo_node_payld/gen_xpm_memory_fifo.inst_fifo/gen_mem_rep[0].inst_xpm_memory/xpm_memory_base_inst block.
INFO: [Memdata 28-167] Found XPM memory block mixer_i/smartconnect_0/inst/s00_nodes/s00_aw_node/inst/inst_mi_handler/gen_normal_area.gen_fifo_req.inst_fifo_req/gen_xpm_memory_fifo.inst_fifo/gen_mem_rep[0].inst_xpm_memory/xpm_memory_base_inst with a P_MEMORY_PRIMITIVE property set to distributed. A value of block is required. You will not be able to use the updatemem program to update the bitstream with new data for the mixer_i/smartconnect_0/inst/s00_nodes/s00_aw_node/inst/inst_mi_handler/gen_normal_area.gen_fifo_req.inst_fifo_req/gen_xpm_memory_fifo.inst_fifo/gen_mem_rep[0].inst_xpm_memory/xpm_memory_base_inst block.
INFO: [Memdata 28-167] Found XPM memory block mixer_i/smartconnect_0/inst/s00_nodes/s00_ar_node/inst/inst_mi_handler/gen_normal_area.inst_fifo_node_payld/gen_xpm_memory_fifo.inst_fifo/gen_mem_rep[0].inst_xpm_memory/xpm_memory_base_inst with a P_MEMORY_PRIMITIVE property set to distributed. A value of block is required. You will not be able to use the updatemem program to update the bitstream with new data for the mixer_i/smartconnect_0/inst/s00_nodes/s00_ar_node/inst/inst_mi_handler/gen_normal_area.inst_fifo_node_payld/gen_xpm_memory_fifo.inst_fifo/gen_mem_rep[0].inst_xpm_memory/xpm_memory_base_inst block.
INFO: [Memdata 28-167] Found XPM memory block mixer_i/smartconnect_0/inst/s00_nodes/s00_ar_node/inst/inst_mi_handler/gen_normal_area.gen_fifo_req.inst_fifo_req/gen_xpm_memory_fifo.inst_fifo/gen_mem_rep[0].inst_xpm_memory/xpm_memory_base_inst with a P_MEMORY_PRIMITIVE property set to distributed. A value of block is required. You will not be able to use the updatemem program to update the bitstream with new data for the mixer_i/smartconnect_0/inst/s00_nodes/s00_ar_node/inst/inst_mi_handler/gen_normal_area.gen_fifo_req.inst_fifo_req/gen_xpm_memory_fifo.inst_fifo/gen_mem_rep[0].inst_xpm_memory/xpm_memory_base_inst block.
INFO: [Memdata 28-167] Found XPM memory block mixer_i/smartconnect_0/inst/m01_nodes/m01_w_node/inst/inst_si_handler/gen_si_handler.gen_request_fifos.gen_req_fifo[0].inst_req_fifo/gen_xpm_memory_fifo.inst_fifo/gen_mem_rep[0].inst_xpm_memory/xpm_memory_base_inst with a P_MEMORY_PRIMITIVE property set to distributed. A value of block is required. You will not be able to use the updatemem program to update the bitstream with new data for the mixer_i/smartconnect_0/inst/m01_nodes/m01_w_node/inst/inst_si_handler/gen_si_handler.gen_request_fifos.gen_req_fifo[0].inst_req_fifo/gen_xpm_memory_fifo.inst_fifo/gen_mem_rep[0].inst_xpm_memory/xpm_memory_base_inst block.
INFO: [Memdata 28-167] Found XPM memory block mixer_i/smartconnect_0/inst/m01_nodes/m01_w_node/inst/inst_mi_handler/gen_normal_area.inst_fifo_node_payld/gen_xpm_memory_fifo.inst_fifo/gen_mem_rep[0].inst_xpm_memory/xpm_memory_base_inst with a P_MEMORY_PRIMITIVE property set to distributed. A value of block is required. You will not be able to use the updatemem program to update the bitstream with new data for the mixer_i/smartconnect_0/inst/m01_nodes/m01_w_node/inst/inst_mi_handler/gen_normal_area.inst_fifo_node_payld/gen_xpm_memory_fifo.inst_fifo/gen_mem_rep[0].inst_xpm_memory/xpm_memory_base_inst block.
INFO: [Memdata 28-167] Found XPM memory block mixer_i/smartconnect_0/inst/m01_nodes/m01_r_node/inst/inst_mi_handler/gen_normal_area.inst_fifo_node_payld/gen_xpm_memory_fifo.inst_fifo/gen_mem_rep[0].inst_xpm_memory/xpm_memory_base_inst with a P_MEMORY_PRIMITIVE property set to distributed. A value of block is required. You will not be able to use the updatemem program to update the bitstream with new data for the mixer_i/smartconnect_0/inst/m01_nodes/m01_r_node/inst/inst_mi_handler/gen_normal_area.inst_fifo_node_payld/gen_xpm_memory_fifo.inst_fifo/gen_mem_rep[0].inst_xpm_memory/xpm_memory_base_inst block.
INFO: [Memdata 28-167] Found XPM memory block mixer_i/smartconnect_0/inst/m01_nodes/m01_r_node/inst/inst_mi_handler/gen_normal_area.gen_fifo_req.inst_fifo_req/gen_xpm_memory_fifo.inst_fifo/gen_mem_rep[0].inst_xpm_memory/xpm_memory_base_inst with a P_MEMORY_PRIMITIVE property set to distributed. A value of block is required. You will not be able to use the updatemem program to update the bitstream with new data for the mixer_i/smartconnect_0/inst/m01_nodes/m01_r_node/inst/inst_mi_handler/gen_normal_area.gen_fifo_req.inst_fifo_req/gen_xpm_memory_fifo.inst_fifo/gen_mem_rep[0].inst_xpm_memory/xpm_memory_base_inst block.
INFO: [Memdata 28-167] Found XPM memory block mixer_i/smartconnect_0/inst/m01_nodes/m01_b_node/inst/inst_mi_handler/gen_normal_area.inst_fifo_node_payld/gen_xpm_memory_fifo.inst_fifo/gen_mem_rep[0].inst_xpm_memory/xpm_memory_base_inst with a P_MEMORY_PRIMITIVE property set to distributed. A value of block is required. You will not be able to use the updatemem program to update the bitstream with new data for the mixer_i/smartconnect_0/inst/m01_nodes/m01_b_node/inst/inst_mi_handler/gen_normal_area.inst_fifo_node_payld/gen_xpm_memory_fifo.inst_fifo/gen_mem_rep[0].inst_xpm_memory/xpm_memory_base_inst block.
INFO: [Memdata 28-167] Found XPM memory block mixer_i/smartconnect_0/inst/m01_nodes/m01_b_node/inst/inst_mi_handler/gen_normal_area.gen_fifo_req.inst_fifo_req/gen_xpm_memory_fifo.inst_fifo/gen_mem_rep[0].inst_xpm_memory/xpm_memory_base_inst with a P_MEMORY_PRIMITIVE property set to distributed. A value of block is required. You will not be able to use the updatemem program to update the bitstream with new data for the mixer_i/smartconnect_0/inst/m01_nodes/m01_b_node/inst/inst_mi_handler/gen_normal_area.gen_fifo_req.inst_fifo_req/gen_xpm_memory_fifo.inst_fifo/gen_mem_rep[0].inst_xpm_memory/xpm_memory_base_inst block.
INFO: [Memdata 28-167] Found XPM memory block mixer_i/smartconnect_0/inst/m01_nodes/m01_aw_node/inst/inst_mi_handler/gen_normal_area.inst_fifo_node_payld/gen_xpm_memory_fifo.inst_fifo/gen_mem_rep[0].inst_xpm_memory/xpm_memory_base_inst with a P_MEMORY_PRIMITIVE property set to distributed. A value of block is required. You will not be able to use the updatemem program to update the bitstream with new data for the mixer_i/smartconnect_0/inst/m01_nodes/m01_aw_node/inst/inst_mi_handler/gen_normal_area.inst_fifo_node_payld/gen_xpm_memory_fifo.inst_fifo/gen_mem_rep[0].inst_xpm_memory/xpm_memory_base_inst block.
INFO: [Memdata 28-167] Found XPM memory block mixer_i/smartconnect_0/inst/m01_nodes/m01_ar_node/inst/inst_mi_handler/gen_normal_area.inst_fifo_node_payld/gen_xpm_memory_fifo.inst_fifo/gen_mem_rep[0].inst_xpm_memory/xpm_memory_base_inst with a P_MEMORY_PRIMITIVE property set to distributed. A value of block is required. You will not be able to use the updatemem program to update the bitstream with new data for the mixer_i/smartconnect_0/inst/m01_nodes/m01_ar_node/inst/inst_mi_handler/gen_normal_area.inst_fifo_node_payld/gen_xpm_memory_fifo.inst_fifo/gen_mem_rep[0].inst_xpm_memory/xpm_memory_base_inst block.
INFO: [Memdata 28-167] Found XPM memory block mixer_i/smartconnect_0/inst/m00_nodes/m00_w_node/inst/inst_si_handler/gen_si_handler.gen_request_fifos.gen_req_fifo[2].inst_req_fifo/gen_xpm_memory_fifo.inst_fifo/gen_mem_rep[0].inst_xpm_memory/xpm_memory_base_inst with a P_MEMORY_PRIMITIVE property set to distributed. A value of block is required. You will not be able to use the updatemem program to update the bitstream with new data for the mixer_i/smartconnect_0/inst/m00_nodes/m00_w_node/inst/inst_si_handler/gen_si_handler.gen_request_fifos.gen_req_fifo[2].inst_req_fifo/gen_xpm_memory_fifo.inst_fifo/gen_mem_rep[0].inst_xpm_memory/xpm_memory_base_inst block.
INFO: [Memdata 28-167] Found XPM memory block mixer_i/smartconnect_0/inst/m00_nodes/m00_w_node/inst/inst_si_handler/gen_si_handler.gen_request_fifos.gen_req_fifo[0].inst_req_fifo/gen_xpm_memory_fifo.inst_fifo/gen_mem_rep[0].inst_xpm_memory/xpm_memory_base_inst with a P_MEMORY_PRIMITIVE property set to distributed. A value of block is required. You will not be able to use the updatemem program to update the bitstream with new data for the mixer_i/smartconnect_0/inst/m00_nodes/m00_w_node/inst/inst_si_handler/gen_si_handler.gen_request_fifos.gen_req_fifo[0].inst_req_fifo/gen_xpm_memory_fifo.inst_fifo/gen_mem_rep[0].inst_xpm_memory/xpm_memory_base_inst block.
INFO: [Memdata 28-167] Found XPM memory block mixer_i/smartconnect_0/inst/m00_nodes/m00_w_node/inst/inst_mi_handler/gen_normal_area.inst_fifo_node_payld/gen_xpm_memory_fifo.inst_fifo/gen_mem_rep[0].inst_xpm_memory/xpm_memory_base_inst with a P_MEMORY_PRIMITIVE property set to distributed. A value of block is required. You will not be able to use the updatemem program to update the bitstream with new data for the mixer_i/smartconnect_0/inst/m00_nodes/m00_w_node/inst/inst_mi_handler/gen_normal_area.inst_fifo_node_payld/gen_xpm_memory_fifo.inst_fifo/gen_mem_rep[0].inst_xpm_memory/xpm_memory_base_inst block.
INFO: [Memdata 28-167] Found XPM memory block mixer_i/smartconnect_0/inst/m00_nodes/m00_r_node/inst/inst_mi_handler/gen_normal_area.inst_fifo_node_payld/gen_xpm_memory_fifo.inst_fifo/gen_mem_rep[0].inst_xpm_memory/xpm_memory_base_inst with a P_MEMORY_PRIMITIVE property set to distributed. A value of block is required. You will not be able to use the updatemem program to update the bitstream with new data for the mixer_i/smartconnect_0/inst/m00_nodes/m00_r_node/inst/inst_mi_handler/gen_normal_area.inst_fifo_node_payld/gen_xpm_memory_fifo.inst_fifo/gen_mem_rep[0].inst_xpm_memory/xpm_memory_base_inst block.
INFO: [Memdata 28-167] Found XPM memory block mixer_i/smartconnect_0/inst/m00_nodes/m00_r_node/inst/inst_mi_handler/gen_normal_area.gen_fifo_req.inst_fifo_req/gen_xpm_memory_fifo.inst_fifo/gen_mem_rep[0].inst_xpm_memory/xpm_memory_base_inst with a P_MEMORY_PRIMITIVE property set to distributed. A value of block is required. You will not be able to use the updatemem program to update the bitstream with new data for the mixer_i/smartconnect_0/inst/m00_nodes/m00_r_node/inst/inst_mi_handler/gen_normal_area.gen_fifo_req.inst_fifo_req/gen_xpm_memory_fifo.inst_fifo/gen_mem_rep[0].inst_xpm_memory/xpm_memory_base_inst block.
INFO: [Memdata 28-167] Found XPM memory block mixer_i/smartconnect_0/inst/m00_nodes/m00_b_node/inst/inst_mi_handler/gen_normal_area.inst_fifo_node_payld/gen_xpm_memory_fifo.inst_fifo/gen_mem_rep[0].inst_xpm_memory/xpm_memory_base_inst with a P_MEMORY_PRIMITIVE property set to distributed. A value of block is required. You will not be able to use the updatemem program to update the bitstream with new data for the mixer_i/smartconnect_0/inst/m00_nodes/m00_b_node/inst/inst_mi_handler/gen_normal_area.inst_fifo_node_payld/gen_xpm_memory_fifo.inst_fifo/gen_mem_rep[0].inst_xpm_memory/xpm_memory_base_inst block.
INFO: [Memdata 28-167] Found XPM memory block mixer_i/smartconnect_0/inst/m00_nodes/m00_b_node/inst/inst_mi_handler/gen_normal_area.gen_fifo_req.inst_fifo_req/gen_xpm_memory_fifo.inst_fifo/gen_mem_rep[0].inst_xpm_memory/xpm_memory_base_inst with a P_MEMORY_PRIMITIVE property set to distributed. A value of block is required. You will not be able to use the updatemem program to update the bitstream with new data for the mixer_i/smartconnect_0/inst/m00_nodes/m00_b_node/inst/inst_mi_handler/gen_normal_area.gen_fifo_req.inst_fifo_req/gen_xpm_memory_fifo.inst_fifo/gen_mem_rep[0].inst_xpm_memory/xpm_memory_base_inst block.
INFO: [Memdata 28-167] Found XPM memory block mixer_i/smartconnect_0/inst/m00_nodes/m00_aw_node/inst/inst_mi_handler/gen_normal_area.inst_fifo_node_payld/gen_xpm_memory_fifo.inst_fifo/gen_mem_rep[0].inst_xpm_memory/xpm_memory_base_inst with a P_MEMORY_PRIMITIVE property set to distributed. A value of block is required. You will not be able to use the updatemem program to update the bitstream with new data for the mixer_i/smartconnect_0/inst/m00_nodes/m00_aw_node/inst/inst_mi_handler/gen_normal_area.inst_fifo_node_payld/gen_xpm_memory_fifo.inst_fifo/gen_mem_rep[0].inst_xpm_memory/xpm_memory_base_inst block.
INFO: [Memdata 28-167] Found XPM memory block mixer_i/smartconnect_0/inst/m00_nodes/m00_ar_node/inst/inst_mi_handler/gen_normal_area.inst_fifo_node_payld/gen_xpm_memory_fifo.inst_fifo/gen_mem_rep[0].inst_xpm_memory/xpm_memory_base_inst with a P_MEMORY_PRIMITIVE property set to distributed. A value of block is required. You will not be able to use the updatemem program to update the bitstream with new data for the mixer_i/smartconnect_0/inst/m00_nodes/m00_ar_node/inst/inst_mi_handler/gen_normal_area.inst_fifo_node_payld/gen_xpm_memory_fifo.inst_fifo/gen_mem_rep[0].inst_xpm_memory/xpm_memory_base_inst block.
INFO: [Memdata 28-167] Found XPM memory block mixer_i/axi_dma_0/U0/I_PRMRY_DATAMOVER/GEN_S2MM_FULL.I_S2MM_FULL_WRAPPER/GEN_ENABLE_INDET_BTT_SF.I_INDET_BTT/I_XD_FIFO/NON_BLK_MEM.I_SYNC_FIFOGEN_FIFO/xpm_fifo_instance.xpm_fifo_sync_inst/xpm_fifo_base_inst/gen_sdpram.xpm_memory_base_inst with a P_MEMORY_PRIMITIVE property set to auto. A value of block is required. You will not be able to use the updatemem program to update the bitstream with new data for the mixer_i/axi_dma_0/U0/I_PRMRY_DATAMOVER/GEN_S2MM_FULL.I_S2MM_FULL_WRAPPER/GEN_ENABLE_INDET_BTT_SF.I_INDET_BTT/I_XD_FIFO/NON_BLK_MEM.I_SYNC_FIFOGEN_FIFO/xpm_fifo_instance.xpm_fifo_sync_inst/xpm_fifo_base_inst/gen_sdpram.xpm_memory_base_inst block.
INFO: [Memdata 28-208] The XPM instance: <mixer_i/axi_dma_0/U0/I_PRMRY_DATAMOVER/GEN_S2MM_FULL.I_S2MM_FULL_WRAPPER/GEN_ENABLE_INDET_BTT_SF.I_INDET_BTT/I_DATA_FIFO/BLK_MEM.I_SYNC_FIFOGEN_FIFO/xpm_fifo_instance.xpm_fifo_sync_inst/xpm_fifo_base_inst/gen_sdpram.xpm_memory_base_inst> is part of IP: <mixer_i/axi_dma_0>. This XPM instance will be excluded from the .mmi because updatemem is prohibited from making changes to an XPM that is part of an IP.
INFO: [Memdata 28-208] The XPM instance: <mixer_i/axi_dma_0/U0/I_PRMRY_DATAMOVER/GEN_MM2S_FULL.I_MM2S_FULL_WRAPPER/GEN_INCLUDE_MM2S_SF.I_RD_SF/I_DATA_FIFO/BLK_MEM.I_SYNC_FIFOGEN_FIFO/xpm_fifo_instance.xpm_fifo_sync_inst/xpm_fifo_base_inst/gen_sdpram.xpm_memory_base_inst> is part of IP: <mixer_i/axi_dma_0>. This XPM instance will be excluded from the .mmi because updatemem is prohibited from making changes to an XPM that is part of an IP.
Command: write_bitstream -force mixer_wrapper.bit
Attempting to get a license for feature 'Implementation' and/or device 'xck26'
INFO: [Common 17-349] Got license for feature 'Implementation' and/or device 'xck26'
Running DRC as a precondition to command write_bitstream
INFO: [IP_Flow 19-1839] IP Catalog is up to date.
INFO: [DRC 23-27] Running DRC with 2 threads
WARNING: [DRC PDCN-1569] LUT equation term check: Used physical LUT pin 'A1' of cell dbg_hub/inst/BSCANID.u_xsdbm_id/SWITCH_N_EXT_BSCAN.bscan_switch/temp_curid[31]_i_1 (pin dbg_hub/inst/BSCANID.u_xsdbm_id/SWITCH_N_EXT_BSCAN.bscan_switch/temp_curid[31]_i_1/I0) is not included in the LUT equation: 'O5=(A5*A4)+(A5*(~A4)*(~A2))+((~A5))'. If this cell is a user instantiated LUT in the design, please remove connectivity to the pin or change the equation and/or INIT string of the LUT to prevent this issue. If the cell is inferred or IP created LUT, please regenerate the IP and/or resynthesize the design to attempt to correct the issue.
WARNING: [DRC PDCN-1569] LUT equation term check: Used physical LUT pin 'A3' of cell dbg_hub/inst/BSCANID.u_xsdbm_id/SWITCH_N_EXT_BSCAN.bscan_switch/temp_curid[31]_i_1 (pin dbg_hub/inst/BSCANID.u_xsdbm_id/SWITCH_N_EXT_BSCAN.bscan_switch/temp_curid[31]_i_1/I1) is not included in the LUT equation: 'O5=(A5*A4)+(A5*(~A4)*(~A2))+((~A5))'. If this cell is a user instantiated LUT in the design, please remove connectivity to the pin or change the equation and/or INIT string of the LUT to prevent this issue. If the cell is inferred or IP created LUT, please regenerate the IP and/or resynthesize the design to attempt to correct the issue.
WARNING: [DRC PDCN-1569] LUT equation term check: Used physical LUT pin 'A4' of cell dbg_hub/inst/BSCANID.u_xsdbm_id/SWITCH_N_EXT_BSCAN.id_state[0]_i_1 (pin dbg_hub/inst/BSCANID.u_xsdbm_id/SWITCH_N_EXT_BSCAN.id_state[0]_i_1/I0) is not included in the LUT equation: 'O6=(A6+~A6)*((A1))'. If this cell is a user instantiated LUT in the design, please remove connectivity to the pin or change the equation and/or INIT string of the LUT to prevent this issue. If the cell is inferred or IP created LUT, please regenerate the IP and/or resynthesize the design to attempt to correct the issue.
WARNING: [DRC REQP-1935] RAMB36E2_nochange_collision_advisory: Synchronous clocking is detected for BRAM (mixer_i/axi_dma_0/U0/I_PRMRY_DATAMOVER/GEN_MM2S_FULL.I_MM2S_FULL_WRAPPER/GEN_INCLUDE_MM2S_SF.I_RD_SF/I_DATA_FIFO/BLK_MEM.I_SYNC_FIFOGEN_FIFO/xpm_fifo_instance.xpm_fifo_sync_inst/xpm_fifo_base_inst/gen_sdpram.xpm_memory_base_inst/gen_wr_a.gen_word_narrow.mem_reg) in SDP mode with NO_CHANGE write-mode. This is the preferred mode for best power characteristics. However, NO_CHANGE may exhibit address collisions if the same address appears on both read and write ports resulting in unknown or corrupted read data. It is suggested to confirm via simulation that an address collision never occurs and if so it is suggested to try and avoid this situation. If address collisions cannot be avoided, the write-mode may be set to READ_FIRST which guarantees that the read data is the prior contents of the memory at the cost of additional power in the design. See the FPGA Memory Resources User Guide for additional information.
WARNING: [DRC REQP-1935] RAMB36E2_nochange_collision_advisory: Synchronous clocking is detected for BRAM (mixer_i/axi_dma_0/U0/I_PRMRY_DATAMOVER/GEN_S2MM_FULL.I_S2MM_FULL_WRAPPER/GEN_ENABLE_INDET_BTT_SF.I_INDET_BTT/I_DATA_FIFO/BLK_MEM.I_SYNC_FIFOGEN_FIFO/xpm_fifo_instance.xpm_fifo_sync_inst/xpm_fifo_base_inst/gen_sdpram.xpm_memory_base_inst/gen_wr_a.gen_word_narrow.mem_reg) in SDP mode with NO_CHANGE write-mode. This is the preferred mode for best power characteristics. However, NO_CHANGE may exhibit address collisions if the same address appears on both read and write ports resulting in unknown or corrupted read data. It is suggested to confirm via simulation that an address collision never occurs and if so it is suggested to try and avoid this situation. If address collisions cannot be avoided, the write-mode may be set to READ_FIRST which guarantees that the read data is the prior contents of the memory at the cost of additional power in the design. See the FPGA Memory Resources User Guide for additional information.
WARNING: [DRC RTSTAT-10] No routable loads: 31 net(s) have no routable loads. The problem bus(es) and/or net(s) are dbg_hub/inst/BSCANID.u_xsdbm_id/SWITCH_N_EXT_BSCAN.bscan_inst/TMS, dbg_hub/inst/BSCANID.u_xsdbm_id/CORE_XSDB.UUT_MASTER/U_ICON_INTERFACE/U_CMD6_RD/U_RD_FIFO/SUBCORE_FIFO.xsdbm_v3_0_0_rdfifo_inst/inst_fifo_gen/gconvfifo.rf/grf.rf/gntv_or_sync_fifo.gl0.rd/gr1.gr1_int.rfwft/aempty_fwft_i, dbg_hub/inst/BSCANID.u_xsdbm_id/CORE_XSDB.UUT_MASTER/U_ICON_INTERFACE/U_CMD7_CTL/ctl_reg[2:0], dbg_hub/inst/BSCANID.u_xsdbm_id/CORE_XSDB.UUT_MASTER/U_ICON_INTERFACE/U_CMD1/ctl_reg_en_2[1], dbg_hub/inst/BSCANID.u_xsdbm_id/CORE_XSDB.UUT_MASTER/U_ICON_INTERFACE/U_CMD7_CTL/ctl_reg_en_2[1], dbg_hub/inst/BSCANID.u_xsdbm_id/SWITCH_N_EXT_BSCAN.bscan_switch/m_bscan_capture[0], dbg_hub/inst/BSCANID.u_xsdbm_id/SWITCH_N_EXT_BSCAN.bscan_switch/m_bscan_drck[0], dbg_hub/inst/BSCANID.u_xsdbm_id/SWITCH_N_EXT_BSCAN.bscan_switch/m_bscan_runtest[0], dbg_hub/inst/BSCANID.u_xsdbm_id/CORE_XSDB.UUT_MASTER/U_ICON_INTERFACE/U_CMD6_WR/U_WR_FIFO/SUBCORE_FIFO.xsdbm_v3_0_0_wrfifo_inst/inst_fifo_gen/gconvfifo.rf/grf.rf/rstblk/ngwrdrst.grst.rd_rst_reg[0], dbg_hub/inst/BSCANID.u_xsdbm_id/CORE_XSDB.UUT_MASTER/U_ICON_INTERFACE/U_CMD6_WR/U_WR_FIFO/SUBCORE_FIFO.xsdbm_v3_0_0_wrfifo_inst/inst_fifo_gen/gconvfifo.rf/grf.rf/rstblk/ngwrdrst.grst.wr_rst_reg[2], dbg_hub/inst/BSCANID.u_xsdbm_id/CORE_XSDB.UUT_MASTER/U_ICON_INTERFACE/U_CMD6_RD/U_RD_FIFO/SUBCORE_FIFO.xsdbm_v3_0_0_rdfifo_inst/inst_fifo_gen/gconvfifo.rf/grf.rf/rstblk/ngwrdrst.grst.wr_rst_reg[2], dbg_hub/inst/BSCANID.u_xsdbm_id/CORE_XSDB.UUT_MASTER/U_ICON_INTERFACE/U_CMD6_RD/U_RD_FIFO/SUBCORE_FIFO.xsdbm_v3_0_0_rdfifo_inst/inst_fifo_gen/gconvfifo.rf/grf.rf/gntv_or_sync_fifo.gl0.wr/gwhf.whf/overflow, dbg_hub/inst/BSCANID.u_xsdbm_id/CORE_XSDB.UUT_MASTER/U_ICON_INTERFACE/U_CMD6_WR/U_WR_FIFO/SUBCORE_FIFO.xsdbm_v3_0_0_wrfifo_inst/inst_fifo_gen/gconvfifo.rf/grf.rf/gntv_or_sync_fifo.gl0.wr/gwhf.whf/overflow, dbg_hub/inst/BSCANID.u_xsdbm_id/CORE_XSDB.UUT_MASTER/U_ICON_INTERFACE/U_CMD6_RD/U_RD_FIFO/SUBCORE_FIFO.xsdbm_v3_0_0_rdfifo_inst/inst_fifo_gen/gconvfifo.rf/grf.rf/gntv_or_sync_fifo.gl0.rd/gras.rsts/ram_empty_i, dbg_hub/inst/BSCANID.u_xsdbm_id/CORE_XSDB.UUT_MASTER/U_ICON_INTERFACE/U_CMD6_WR/U_WR_FIFO/SUBCORE_FIFO.xsdbm_v3_0_0_wrfifo_inst/inst_fifo_gen/gconvfifo.rf/grf.rf/gntv_or_sync_fifo.gl0.wr/gwas.wsts/ram_full_i... and (the first 15 of 29 listed).
INFO: [Vivado 12-3199] DRC finished with 0 Errors, 6 Warnings
INFO: [Vivado 12-3200] Please refer to the DRC report (report_drc) for more information.
INFO: [Designutils 20-2272] Running write_bitstream with 2 threads.
Loading data files...
Loading site data...
Loading route data...
Processing options...
Creating bitmap...
Creating bitstream...
Writing bitstream ./mixer_wrapper.bit...
INFO: [Vivado 12-1842] Bitgen Completed Successfully.
INFO: [Project 1-1876] WebTalk data collection is mandatory when using a ULT device. To see the specific WebTalk data collected for your design, open the usage_statistics_webtalk.html or usage_statistics_webtalk.xml file in the implementation directory.
INFO: [Common 17-83] Releasing license: Implementation
48 Infos, 6 Warnings, 0 Critical Warnings and 0 Errors encountered.
write_bitstream completed successfully
INFO: [Common 17-206] Exiting Vivado at Wed Jun 17 10:03:16 2026...
