#-----------------------------------------------------------
# Vivado v2022.2 (64-bit)
# SW Build 3671981 on Fri Oct 14 05:00:03 MDT 2022
# IP Build 3669848 on Fri Oct 14 08:30:02 MDT 2022
# Start of session at: Fri Jun  5 11:13:07 2026
# Process ID: 43932
# Current directory: D:/FPGA/Vivaldo Project/Digital_Font_End_LTE/Downlink/DPD/fpga
# Command line: vivado.exe -gui_launcher_event rodinguilauncherevent76324 D:\FPGA\Vivaldo Project\Digital_Font_End_LTE\Downlink\DPD\fpga\dpd.xpr
# Log file: D:/FPGA/Vivaldo Project/Digital_Font_End_LTE/Downlink/DPD/fpga/vivado.log
# Journal file: D:/FPGA/Vivaldo Project/Digital_Font_End_LTE/Downlink/DPD/fpga\vivado.jou
# Running On: LAPTOP-CHCSI1R5, OS: Windows, CPU Frequency: 3194 MHz, CPU Physical cores: 16, Host memory: 21319 MB
#-----------------------------------------------------------
start_gui
open_project {D:/FPGA/Vivaldo Project/Digital_Font_End_LTE/Downlink/DPD/fpga/dpd.xpr}
update_compile_order -fileset sources_1
update_compile_order -fileset sources_1
open_bd_design {D:/FPGA/Vivaldo Project/Digital_Font_End_LTE/Downlink/CFR/fpga/CFR.srcs/sources_1/bd/duc_cfr/duc_cfr.bd}
create_bd_design "duc_cfr_dpd"
open_bd_design {D:/FPGA/Vivaldo Project/Digital_Font_End_LTE/Downlink/CFR/fpga/CFR.srcs/sources_1/bd/duc_cfr/duc_cfr.bd}
update_compile_order -fileset sources_1
open_bd_design {D:/FPGA/Vivaldo Project/Digital_Font_End_LTE/Downlink/DPD/fpga/dpd.srcs/sources_1/bd/duc_cfr_dpd/duc_cfr_dpd.bd}
current_bd_design duc_cfr
set tmpCopyObjs [concat  [get_bd_cells {axi_bram_ctrl_0 axi_dma_0 smartconnect_0 zynq_ultra_ps_e_0 axis_upsample_0 axis_upsample_1 cfr_0 proc_sys_reset_0 blk_mem_gen_0 halfband_fir_0 halfband_fir_1}] [get_bd_intf_nets {cfr_0_m_axis axis_upsample_0_m_axis smartconnect_0_M01_AXI axi_dma_0_M_AXI_MM2S axi_bram_ctrl_0_BRAM_PORTA axi_dma_0_M_AXI_S2MM halfband_fir_0_m_axis smartconnect_0_M00_AXI halfband_fir_1_m_axis axis_upsample_1_m_axis zynq_ultra_ps_e_0_M_AXI_HPM0_FPD axi_dma_0_M_AXIS_MM2S}] [get_bd_nets {zynq_ultra_ps_e_0_pl_resetn0 proc_sys_reset_0_peripheral_aresetn zynq_ultra_ps_e_0_pl_clk0}]]
current_bd_design duc_cfr_dpd
copy_bd_objs -from_design duc_cfr / $tmpCopyObjs
export_ip_user_files -of_objects  [get_files {{D:/FPGA/Vivaldo Project/Digital_Font_End_LTE/Downlink/CFR/fpga/CFR.srcs/sources_1/bd/duc_cfr/duc_cfr.bd}}] -no_script -reset -force -quiet
remove_files  {{D:/FPGA/Vivaldo Project/Digital_Font_End_LTE/Downlink/CFR/fpga/CFR.srcs/sources_1/bd/duc_cfr/duc_cfr.bd}}
file mkdir D:/FPGA/Vivaldo Project/Digital_Font_End_LTE/Downlink/DPD/fpga/dpd.srcs/sources_1/new
file mkdir D:/FPGA/Vivaldo Project/Digital_Font_End_LTE/Downlink/DPD/fpga/dpd.srcs/sources_1/new
file mkdir D:/FPGA/Vivaldo Project/Digital_Font_End_LTE/Downlink/DPD/fpga/dpd.srcs/sources_1/new
file mkdir D:/FPGA/Vivaldo Project/Digital_Font_End_LTE/Downlink/DPD/fpga/dpd.srcs/sources_1/new
file mkdir D:/FPGA/Vivaldo Project/Digital_Font_End_LTE/Downlink/DPD/fpga/dpd.srcs/sources_1/new
file mkdir D:/FPGA/Vivaldo Project/Digital_Font_End_LTE/Downlink/DPD/fpga/dpd.srcs/sources_1/new
file mkdir {D:/FPGA/Vivaldo Project/Digital_Font_End_LTE/Downlink/DPD/fpga/dpd.srcs/sources_1/new}
close [ open {D:/FPGA/Vivaldo Project/Digital_Font_End_LTE/Downlink/DPD/fpga/dpd.srcs/sources_1/new/dpd.v} w ]
add_files {{D:/FPGA/Vivaldo Project/Digital_Font_End_LTE/Downlink/DPD/fpga/dpd.srcs/sources_1/new/dpd.v}}
update_compile_order -fileset sources_1
