
*** Running vivado
    with args -log mixer_axis_decimate2_1_0.vds -m64 -product Vivado -mode batch -messageDb vivado.pb -notrace -source mixer_axis_decimate2_1_0.tcl



****** Vivado v2022.2 (64-bit)
  **** SW Build 3671981 on Fri Oct 14 05:00:03 MDT 2022
  **** IP Build 3669848 on Fri Oct 14 08:30:02 MDT 2022
    ** Copyright 1986-2022 Xilinx, Inc. All Rights Reserved.

source mixer_axis_decimate2_1_0.tcl -notrace
INFO: [IP_Flow 19-234] Refreshing IP repositories
INFO: [IP_Flow 19-1704] No user IP repositories specified
INFO: [IP_Flow 19-2313] Loaded Vivado IP repository 'D:/Xilinx/Vivado/2022.2/data/ip'.
WARNING: [IP_Flow 19-4995] The host OS only allows 260 characters in a normal path. The IP cache path is more than 80 characters. If you experience issues with IP caching, please consider changing the IP cache to a location with a shorter path. Alternately consider using the OS subst command to map part of the path to a drive letter. 
Current IP cache path is d:/FPGA/Vivaldo Project/Digital_Font_End_LTE/Uplink/Mixer/fpga/mixer/mixer_down.cache/ip 
INFO: [IP_Flow 19-6924] IPCACHE: Running cache check for IP inst: mixer_axis_decimate2_1_0
Command: synth_design -top mixer_axis_decimate2_1_0 -part xck26-sfvc784-2LV-c -incremental_mode off -mode out_of_context
Starting synth_design
Attempting to get a license for feature 'Synthesis' and/or device 'xck26'
INFO: [Common 17-349] Got license for feature 'Synthesis' and/or device 'xck26'
INFO: [Device 21-403] Loading part xck26-sfvc784-2LV-c
INFO: [Synth 8-7079] Multithreading enabled for synth_design using a maximum of 2 processes.
INFO: [Synth 8-7078] Launching helper process for spawning children vivado processes
INFO: [Synth 8-7075] Helper process launched with PID 34704
INFO: [Synth 8-11241] undeclared symbol 'REGCCE', assumed default net type 'wire' [D:/Xilinx/Vivado/2022.2/data/verilog/src/unimacro/BRAM_SINGLE_MACRO.v:2170]
---------------------------------------------------------------------------------
Starting RTL Elaboration : Time (s): cpu = 00:00:09 ; elapsed = 00:00:15 . Memory (MB): peak = 1757.191 ; gain = 331.699
---------------------------------------------------------------------------------
INFO: [Synth 8-6157] synthesizing module 'mixer_axis_decimate2_1_0' [d:/FPGA/Vivaldo Project/Digital_Font_End_LTE/Uplink/Mixer/fpga/mixer/mixer_down.gen/sources_1/bd/mixer/ip/mixer_axis_decimate2_1_0/synth/mixer_axis_decimate2_1_0.v:53]
INFO: [Synth 8-6157] synthesizing module 'axis_decimate2' [D:/FPGA/Vivaldo Project/Digital_Font_End_LTE/Uplink/Mixer/fpga/mixer/mixer_down.srcs/sources_1/new/axis_decimate2.v:23]
INFO: [Synth 8-226] default block is never used [D:/FPGA/Vivaldo Project/Digital_Font_End_LTE/Uplink/Mixer/fpga/mixer/mixer_down.srcs/sources_1/new/axis_decimate2.v:44]
INFO: [Synth 8-6155] done synthesizing module 'axis_decimate2' (0#1) [D:/FPGA/Vivaldo Project/Digital_Font_End_LTE/Uplink/Mixer/fpga/mixer/mixer_down.srcs/sources_1/new/axis_decimate2.v:23]
INFO: [Synth 8-6155] done synthesizing module 'mixer_axis_decimate2_1_0' (0#1) [d:/FPGA/Vivaldo Project/Digital_Font_End_LTE/Uplink/Mixer/fpga/mixer/mixer_down.gen/sources_1/bd/mixer/ip/mixer_axis_decimate2_1_0/synth/mixer_axis_decimate2_1_0.v:53]
---------------------------------------------------------------------------------
Finished RTL Elaboration : Time (s): cpu = 00:00:11 ; elapsed = 00:00:18 . Memory (MB): peak = 1852.332 ; gain = 426.840
---------------------------------------------------------------------------------
---------------------------------------------------------------------------------
Start Handling Custom Attributes
---------------------------------------------------------------------------------
---------------------------------------------------------------------------------
Finished Handling Custom Attributes : Time (s): cpu = 00:00:12 ; elapsed = 00:00:18 . Memory (MB): peak = 1852.332 ; gain = 426.840
---------------------------------------------------------------------------------
---------------------------------------------------------------------------------
Finished RTL Optimization Phase 1 : Time (s): cpu = 00:00:12 ; elapsed = 00:00:18 . Memory (MB): peak = 1852.332 ; gain = 426.840
---------------------------------------------------------------------------------
Netlist sorting complete. Time (s): cpu = 00:00:00 ; elapsed = 00:00:00.001 . Memory (MB): peak = 1852.332 ; gain = 0.000
INFO: [Project 1-570] Preparing netlist for logic optimization

Processing XDC Constraints
Initializing timing engine
Completed Processing XDC Constraints

Netlist sorting complete. Time (s): cpu = 00:00:00 ; elapsed = 00:00:00 . Memory (MB): peak = 1852.332 ; gain = 0.000
INFO: [Project 1-111] Unisim Transformation Summary:
No Unisim elements were transformed.

Constraint Validation Runtime : Time (s): cpu = 00:00:00 ; elapsed = 00:00:00.072 . Memory (MB): peak = 1863.332 ; gain = 11.000
INFO: [Designutils 20-5008] Incremental synthesis strategy off
INFO: [Synth 8-11241] undeclared symbol 'REGCCE', assumed default net type 'wire' [D:/Xilinx/Vivado/2022.2/data/verilog/src/unimacro/BRAM_SINGLE_MACRO.v:2170]
---------------------------------------------------------------------------------
Finished Constraint Validation : Time (s): cpu = 00:00:24 ; elapsed = 00:00:32 . Memory (MB): peak = 1863.332 ; gain = 437.840
---------------------------------------------------------------------------------
---------------------------------------------------------------------------------
Start Loading Part and Timing Information
---------------------------------------------------------------------------------
Loading part: xck26-sfvc784-2LV-c
INFO: [Synth 8-6742] Reading net delay rules and data
---------------------------------------------------------------------------------
Finished Loading Part and Timing Information : Time (s): cpu = 00:00:24 ; elapsed = 00:00:32 . Memory (MB): peak = 1863.332 ; gain = 437.840
---------------------------------------------------------------------------------
---------------------------------------------------------------------------------
Start Applying 'set_property' XDC Constraints
---------------------------------------------------------------------------------
---------------------------------------------------------------------------------
Finished applying 'set_property' XDC Constraints : Time (s): cpu = 00:00:24 ; elapsed = 00:00:32 . Memory (MB): peak = 1863.332 ; gain = 437.840
---------------------------------------------------------------------------------
---------------------------------------------------------------------------------
Finished RTL Optimization Phase 2 : Time (s): cpu = 00:00:25 ; elapsed = 00:00:33 . Memory (MB): peak = 1863.332 ; gain = 437.840
---------------------------------------------------------------------------------
---------------------------------------------------------------------------------
Start RTL Component Statistics 
---------------------------------------------------------------------------------
Detailed RTL Component Info : 
+---Registers : 
	                1 Bit    Registers := 1     
+---Muxes : 
	   2 Input   32 Bit        Muxes := 1     
	   2 Input    1 Bit        Muxes := 1     
---------------------------------------------------------------------------------
Finished RTL Component Statistics 
---------------------------------------------------------------------------------
---------------------------------------------------------------------------------
Start Part Resource Summary
---------------------------------------------------------------------------------
Part Resources:
DSPs: 1248 (col length:96)
BRAMs: 288 (col length: RAMB18 96 RAMB36 48)
---------------------------------------------------------------------------------
Finished Part Resource Summary
---------------------------------------------------------------------------------
---------------------------------------------------------------------------------
Start Cross Boundary and Area Optimization
---------------------------------------------------------------------------------
WARNING: [Synth 8-7080] Parallel synthesis criteria is not met
---------------------------------------------------------------------------------
Finished Cross Boundary and Area Optimization : Time (s): cpu = 00:00:27 ; elapsed = 00:00:36 . Memory (MB): peak = 1863.332 ; gain = 437.840
---------------------------------------------------------------------------------
---------------------------------------------------------------------------------
Start Applying XDC Timing Constraints
---------------------------------------------------------------------------------
---------------------------------------------------------------------------------
Finished Applying XDC Timing Constraints : Time (s): cpu = 00:00:47 ; elapsed = 00:00:58 . Memory (MB): peak = 2411.637 ; gain = 986.145
---------------------------------------------------------------------------------
---------------------------------------------------------------------------------
Start Timing Optimization
---------------------------------------------------------------------------------
---------------------------------------------------------------------------------
Finished Timing Optimization : Time (s): cpu = 00:00:47 ; elapsed = 00:00:58 . Memory (MB): peak = 2411.637 ; gain = 986.145
---------------------------------------------------------------------------------
---------------------------------------------------------------------------------
Start Technology Mapping
---------------------------------------------------------------------------------
---------------------------------------------------------------------------------
Finished Technology Mapping : Time (s): cpu = 00:00:47 ; elapsed = 00:00:58 . Memory (MB): peak = 2430.758 ; gain = 1005.266
---------------------------------------------------------------------------------
---------------------------------------------------------------------------------
Start IO Insertion
---------------------------------------------------------------------------------
---------------------------------------------------------------------------------
Start Flattening Before IO Insertion
---------------------------------------------------------------------------------
---------------------------------------------------------------------------------
Finished Flattening Before IO Insertion
---------------------------------------------------------------------------------
---------------------------------------------------------------------------------
Start Final Netlist Cleanup
---------------------------------------------------------------------------------
---------------------------------------------------------------------------------
Finished Final Netlist Cleanup
---------------------------------------------------------------------------------
---------------------------------------------------------------------------------
Finished IO Insertion : Time (s): cpu = 00:00:56 ; elapsed = 00:01:07 . Memory (MB): peak = 2436.535 ; gain = 1011.043
---------------------------------------------------------------------------------
---------------------------------------------------------------------------------
Start Renaming Generated Instances
---------------------------------------------------------------------------------
---------------------------------------------------------------------------------
Finished Renaming Generated Instances : Time (s): cpu = 00:00:56 ; elapsed = 00:01:07 . Memory (MB): peak = 2436.535 ; gain = 1011.043
---------------------------------------------------------------------------------
---------------------------------------------------------------------------------
Start Rebuilding User Hierarchy
---------------------------------------------------------------------------------
---------------------------------------------------------------------------------
Finished Rebuilding User Hierarchy : Time (s): cpu = 00:00:56 ; elapsed = 00:01:07 . Memory (MB): peak = 2436.535 ; gain = 1011.043
---------------------------------------------------------------------------------
---------------------------------------------------------------------------------
Start Renaming Generated Ports
---------------------------------------------------------------------------------
---------------------------------------------------------------------------------
Finished Renaming Generated Ports : Time (s): cpu = 00:00:56 ; elapsed = 00:01:07 . Memory (MB): peak = 2436.535 ; gain = 1011.043
---------------------------------------------------------------------------------
---------------------------------------------------------------------------------
Start Handling Custom Attributes
---------------------------------------------------------------------------------
---------------------------------------------------------------------------------
Finished Handling Custom Attributes : Time (s): cpu = 00:00:56 ; elapsed = 00:01:07 . Memory (MB): peak = 2436.535 ; gain = 1011.043
---------------------------------------------------------------------------------
---------------------------------------------------------------------------------
Start Renaming Generated Nets
---------------------------------------------------------------------------------
---------------------------------------------------------------------------------
Finished Renaming Generated Nets : Time (s): cpu = 00:00:56 ; elapsed = 00:01:07 . Memory (MB): peak = 2436.535 ; gain = 1011.043
---------------------------------------------------------------------------------
---------------------------------------------------------------------------------
Start Writing Synthesis Report
---------------------------------------------------------------------------------

Report BlackBoxes: 
+-+--------------+----------+
| |BlackBox name |Instances |
+-+--------------+----------+
+-+--------------+----------+

Report Cell Usage: 
+------+-----+------+
|      |Cell |Count |
+------+-----+------+
|1     |LUT2 |    33|
|2     |LUT4 |     1|
|3     |FDRE |     1|
+------+-----+------+
---------------------------------------------------------------------------------
Finished Writing Synthesis Report : Time (s): cpu = 00:00:56 ; elapsed = 00:01:07 . Memory (MB): peak = 2436.535 ; gain = 1011.043
---------------------------------------------------------------------------------
Synthesis finished with 0 errors, 0 critical warnings and 1 warnings.
Synthesis Optimization Runtime : Time (s): cpu = 00:00:41 ; elapsed = 00:01:04 . Memory (MB): peak = 2436.535 ; gain = 1000.043
Synthesis Optimization Complete : Time (s): cpu = 00:00:56 ; elapsed = 00:01:08 . Memory (MB): peak = 2436.535 ; gain = 1011.043
INFO: [Project 1-571] Translating synthesized netlist
Netlist sorting complete. Time (s): cpu = 00:00:00 ; elapsed = 00:00:00.001 . Memory (MB): peak = 2448.586 ; gain = 0.000
INFO: [Project 1-570] Preparing netlist for logic optimization
INFO: [Opt 31-138] Pushed 0 inverter(s) to 0 load pin(s).
Netlist sorting complete. Time (s): cpu = 00:00:00 ; elapsed = 00:00:00 . Memory (MB): peak = 2479.840 ; gain = 0.000
INFO: [Project 1-111] Unisim Transformation Summary:
No Unisim elements were transformed.

Synth Design complete, checksum: 2fa9d8b5
INFO: [Common 17-83] Releasing license: Synthesis
25 Infos, 2 Warnings, 0 Critical Warnings and 0 Errors encountered.
synth_design completed successfully
INFO: [Common 17-600] The following parameters have non-default value.
tcl.statsThreshold
INFO: [Common 17-1381] The checkpoint 'D:/FPGA/Vivaldo Project/Digital_Font_End_LTE/Uplink/Mixer/fpga/mixer/mixer_down.runs/mixer_axis_decimate2_1_0_synth_1/mixer_axis_decimate2_1_0.dcp' has been generated.
INFO: [Coretcl 2-1648] Added synthesis output to IP cache for IP mixer_axis_decimate2_1_0, cache-ID = 1825bbeaa88296cd
INFO: [Common 17-1381] The checkpoint 'D:/FPGA/Vivaldo Project/Digital_Font_End_LTE/Uplink/Mixer/fpga/mixer/mixer_down.runs/mixer_axis_decimate2_1_0_synth_1/mixer_axis_decimate2_1_0.dcp' has been generated.
INFO: [runtcl-4] Executing : report_utilization -file mixer_axis_decimate2_1_0_utilization_synth.rpt -pb mixer_axis_decimate2_1_0_utilization_synth.pb
INFO: [Common 17-206] Exiting Vivado at Mon Jun 15 11:04:50 2026...
