#-----------------------------------------------------------
# Vivado v2022.2 (64-bit)
# SW Build 3671981 on Fri Oct 14 05:00:03 MDT 2022
# IP Build 3669848 on Fri Oct 14 08:30:02 MDT 2022
# Start of session at: Tue Jun  9 17:23:26 2026
# Process ID: 91404
# Current directory: D:/FPGA/Vivaldo Project/Digital_Font_End_LTE/Downlink/DPD/fpga/dpd.runs/duc_cfr_dpd_proc_sys_reset_0_0_synth_1
# Command line: vivado.exe -log duc_cfr_dpd_proc_sys_reset_0_0.vds -product Vivado -mode batch -messageDb vivado.pb -notrace -source duc_cfr_dpd_proc_sys_reset_0_0.tcl
# Log file: D:/FPGA/Vivaldo Project/Digital_Font_End_LTE/Downlink/DPD/fpga/dpd.runs/duc_cfr_dpd_proc_sys_reset_0_0_synth_1/duc_cfr_dpd_proc_sys_reset_0_0.vds
# Journal file: D:/FPGA/Vivaldo Project/Digital_Font_End_LTE/Downlink/DPD/fpga/dpd.runs/duc_cfr_dpd_proc_sys_reset_0_0_synth_1\vivado.jou
# Running On: LAPTOP-CHCSI1R5, OS: Windows, CPU Frequency: 3194 MHz, CPU Physical cores: 16, Host memory: 21319 MB
#-----------------------------------------------------------
source duc_cfr_dpd_proc_sys_reset_0_0.tcl -notrace
